Archive member included to satisfy reference by file (symbol)

lbm/lbm_lib/./build/basic_modem.a(smtc_modem.o)
                              build_sx1261_l0/main.o (smtc_modem_init)
lbm/lbm_lib/./build/basic_modem.a(modem_event_utilities.o)
                              lbm/lbm_lib/./build/basic_modem.a(smtc_modem.o) (get_modem_event_count)
lbm/lbm_lib/./build/basic_modem.a(fifo_ctrl.o)
                              lbm/lbm_lib/./build/basic_modem.a(smtc_modem.o) (fifo_ctrl_get_nb_elt)
lbm/lbm_lib/./build/basic_modem.a(modem_core.o)
                              lbm/lbm_lib/./build/basic_modem.a(smtc_modem.o) (modem_context_get_fifo_obj)
lbm/lbm_lib/./build/basic_modem.a(modem_supervisor_light.o)
                              lbm/lbm_lib/./build/basic_modem.a(modem_core.o) (modem_supervisor_init_callback)
lbm/lbm_lib/./build/basic_modem.a(modem_tx_protocol_manager.o)
                              lbm/lbm_lib/./build/basic_modem.a(smtc_modem.o) (modem_tx_protcol_manager_init)
lbm/lbm_lib/./build/basic_modem.a(lorawan_certification.o)
                              lbm/lbm_lib/./build/basic_modem.a(modem_core.o) (lorawan_certification_services_init)
lbm/lbm_lib/./build/basic_modem.a(lorawan_join_management.o)
                              lbm/lbm_lib/./build/basic_modem.a(modem_core.o) (lorawan_join_management_services_init)
lbm/lbm_lib/./build/basic_modem.a(lorawan_send_management.o)
                              lbm/lbm_lib/./build/basic_modem.a(modem_core.o) (lorawan_send_management_services_init)
lbm/lbm_lib/./build/basic_modem.a(lorawan_cid_request_management.o)
                              lbm/lbm_lib/./build/basic_modem.a(modem_core.o) (lorawan_cid_request_management_init)
lbm/lbm_lib/./build/basic_modem.a(lorawan_dwn_ack_management.o)
                              lbm/lbm_lib/./build/basic_modem.a(modem_core.o) (lorawan_dwn_ack_management_init)
lbm/lbm_lib/./build/basic_modem.a(soft_se.o)
                              lbm/lbm_lib/./build/basic_modem.a(smtc_modem.o) (smtc_secure_element_init)
lbm/lbm_lib/./build/basic_modem.a(smtc_real.o)
                              lbm/lbm_lib/./build/basic_modem.a(modem_tx_protocol_manager.o) (smtc_real_get_lbt_duration_ms)
lbm/lbm_lib/./build/basic_modem.a(smtc_duty_cycle.o)
                              lbm/lbm_lib/./build/basic_modem.a(modem_core.o) (smtc_duty_cycle_init)
lbm/lbm_lib/./build/basic_modem.a(smtc_lbt.o)
                              lbm/lbm_lib/./build/basic_modem.a(modem_tx_protocol_manager.o) (smtc_lbt_init)
lbm/lbm_lib/./build/basic_modem.a(ral_sx126x.o)
                              lbm/lbm_lib/./build/basic_modem.a(smtc_modem.o) (ral_sx126x_handles_part)
lbm/lbm_lib/./build/basic_modem.a(ralf_sx126x.o)
                              lbm/lbm_lib/./build/basic_modem.a(smtc_modem.o) (ralf_sx126x_setup_gfsk)
lbm/lbm_lib/./build/basic_modem.a(radio_planner.o)
                              lbm/lbm_lib/./build/basic_modem.a(smtc_modem.o) (rp_init)
lbm/lbm_lib/./build/basic_modem.a(lorawan_api.o)
                              lbm/lbm_lib/./build/basic_modem.a(modem_core.o) (lorawan_api_init)
lbm/lbm_lib/./build/basic_modem.a(smtc_modem_test.o)
                              lbm/lbm_lib/./build/basic_modem.a(lorawan_certification.o) (smtc_modem_test_start)
lbm/lbm_lib/./build/basic_modem.a(aes.o)
                              lbm/lbm_lib/./build/basic_modem.a(soft_se.o) (aes_set_key)
lbm/lbm_lib/./build/basic_modem.a(cmac.o)
                              lbm/lbm_lib/./build/basic_modem.a(soft_se.o) (AES_CMAC_Init)
lbm/lbm_lib/./build/basic_modem.a(smtc_modem_crypto.o)
                              lbm/lbm_lib/./build/basic_modem.a(lorawan_api.o) (smtc_modem_crypto_set_key)
lbm/lbm_lib/./build/basic_modem.a(region_eu_868.o)
                              lbm/lbm_lib/./build/basic_modem.a(smtc_real.o) (region_eu_868_init)
lbm/lbm_lib/./build/basic_modem.a(lr1_stack_mac_layer.o)
                              lbm/lbm_lib/./build/basic_modem.a(smtc_modem_test.o) (lr1_stack_mac_tx_lora_launch_callback_for_rp)
lbm/lbm_lib/./build/basic_modem.a(lr1mac_core.o)
                              lbm/lbm_lib/./build/basic_modem.a(lorawan_api.o) (lr1mac_core_join)
lbm/lbm_lib/./build/basic_modem.a(lr1mac_utilities.o)
                              lbm/lbm_lib/./build/basic_modem.a(lr1mac_core.o) (lr1mac_utilities_crc)
lbm/lbm_lib/./build/basic_modem.a(sx126x.o)
                              lbm/lbm_lib/./build/basic_modem.a(ral_sx126x.o) (sx126x_set_sleep)
lbm/lbm_lib/./build/basic_modem.a(sx126x_lr_fhss.o)
                              lbm/lbm_lib/./build/basic_modem.a(ral_sx126x.o) (sx126x_lr_fhss_init)
lbm/lbm_lib/./build/basic_modem.a(lr_fhss_mac.o)
                              lbm/lbm_lib/./build/basic_modem.a(ral_sx126x.o) (lr_fhss_get_hop_sequence_count)
/usr/lib/gcc/arm-none-eabi/10.3.1/../../../arm-none-eabi/lib/thumb/v6-m/nofp/libc_nano.a(lib_a-atexit.o)
[...]
Memory Configuration

Name             Origin             Length             Attributes
RAM              0x0000000020000000 0x0000000000005000 xrw
FLASH            0x0000000008000000 0x0000000000030000 xr
*default*        0x0000000000000000 0xffffffffffffffff

Linker script and memory map

LOAD /usr/lib/gcc/arm-none-eabi/10.3.1/thumb/v6-m/nofp/crti.o
LOAD /usr/lib/gcc/arm-none-eabi/10.3.1/thumb/v6-m/nofp/crtbegin.o
LOAD /usr/lib/gcc/arm-none-eabi/10.3.1/../../../arm-none-eabi/lib/thumb/v6-m/nofp/crt0.o
LOAD build_sx1261_l0/main.o
LOAD build_sx1261_l0/mx25.o
LOAD build_sx1261_l0/sht3x.o
LOAD build_sx1261_l0/settings.o
LOAD build_sx1261_l0/sha256.o
LOAD build_sx1261_l0/timer.o
LOAD build_sx1261_l0/timer_rtc.o
LOAD build_sx1261_l0/system_stm32l0xx.o
LOAD build_sx1261_l0/smtc_hal_watchdog.o
LOAD build_sx1261_l0/smtc_hal_spi.o
LOAD build_sx1261_l0/smtc_hal_rng.o
LOAD build_sx1261_l0/smtc_hal_eeprom.o
LOAD build_sx1261_l0/smtc_hal_gpio.o
LOAD build_sx1261_l0/smtc_hal_uart.o
LOAD build_sx1261_l0/smtc_hal_lp_timer.o
LOAD build_sx1261_l0/smtc_hal_rtc.o
LOAD build_sx1261_l0/smtc_hal_trace.o
LOAD build_sx1261_l0/smtc_hal_mcu.o
LOAD build_sx1261_l0/smtc_hal_i2c.o
LOAD build_sx1261_l0/smtc_hal_adc.o
LOAD build_sx1261_l0/stm32l0xx_ll_adc.o
LOAD build_sx1261_l0/stm32l0xx_ll_i2c.o
LOAD build_sx1261_l0/stm32l0xx_ll_usart.o
LOAD build_sx1261_l0/stm32l0xx_ll_rcc.o
LOAD build_sx1261_l0/stm32l0xx_ll_lptim.o
LOAD build_sx1261_l0/stm32l0xx_ll_rtc.o
LOAD build_sx1261_l0/stm32l0xx_ll_dma.o
LOAD build_sx1261_l0/stm32l0xx_ll_utils.o
LOAD build_sx1261_l0/smtc_modem_hal.o
LOAD build_sx1261_l0/sx126x_hal.o
LOAD build_sx1261_l0/ral_sx126x_bsp.o
LOAD build_sx1261_l0/radio_utilities.o
LOAD build_sx1261_l0/startup_stm32l071xx.o
LOAD lbm/lbm_lib/./build/basic_modem.a
LOAD /usr/lib/gcc/arm-none-eabi/10.3.1/../../../arm-none-eabi/lib/thumb/v6-m/nofp/libstdc++_nano.a
LOAD /usr/lib/gcc/arm-none-eabi/10.3.1/../../../arm-none-eabi/lib/thumb/v6-m/nofp/libsupc++_nano.a
LOAD /usr/lib/gcc/arm-none-eabi/10.3.1/../../../arm-none-eabi/lib/thumb/v6-m/nofp/libm.a
LOAD /usr/lib/gcc/arm-none-eabi/10.3.1/../../../arm-none-eabi/lib/thumb/v6-m/nofp/libc_nano.a
LOAD /usr/lib/gcc/arm-none-eabi/10.3.1/../../../arm-none-eabi/lib/thumb/v6-m/nofp/libnosys.a
START GROUP
LOAD /usr/lib/gcc/arm-none-eabi/10.3.1/thumb/v6-m/nofp/libgcc.a
LOAD /usr/lib/gcc/arm-none-eabi/10.3.1/../../../arm-none-eabi/lib/thumb/v6-m/nofp/libc_nano.a
END GROUP
START GROUP
LOAD /usr/lib/gcc/arm-none-eabi/10.3.1/thumb/v6-m/nofp/libgcc.a
LOAD /usr/lib/gcc/arm-none-eabi/10.3.1/../../../arm-none-eabi/lib/thumb/v6-m/nofp/libc_nano.a
LOAD /usr/lib/gcc/arm-none-eabi/10.3.1/../../../arm-none-eabi/lib/thumb/v6-m/nofp/libnosys.a
END GROUP
START GROUP
LOAD /usr/lib/gcc/arm-none-eabi/10.3.1/thumb/v6-m/nofp/libgcc.a
LOAD /usr/lib/gcc/arm-none-eabi/10.3.1/../../../arm-none-eabi/lib/thumb/v6-m/nofp/libc_nano.a
LOAD /usr/lib/gcc/arm-none-eabi/10.3.1/../../../arm-none-eabi/lib/thumb/v6-m/nofp/libnosys.a
END GROUP
LOAD /usr/lib/gcc/arm-none-eabi/10.3.1/thumb/v6-m/nofp/crtend.o
LOAD /usr/lib/gcc/arm-none-eabi/10.3.1/thumb/v6-m/nofp/crtn.o
                0x0000000020005000                _estack = 0x20005000
                0x0000000000000200                _Min_Heap_Size = 0x200
                0x0000000000000400                _Min_Stack_Size = 0x400

.isr_vector     0x0000000008000000       0xc0
                0x0000000008000000                . = ALIGN (0x4)
 *(.isr_vector)
 .isr_vector    0x0000000008000000       0xc0 build_sx1261_l0/startup_stm32l071xx.o
                0x0000000008000000                g_pfnVectors
                0x00000000080000c0                . = ALIGN (0x4)

.text           0x00000000080000c0    0x112e0
                0x00000000080000c0                . = ALIGN (0x4)
 *(.text)
 .text          0x00000000080000c0       0x98 /usr/lib/gcc/arm-none-eabi/10.3.1/thumb/v6-m/nofp/crtbegin.o
 .text          0x0000000008000158       0x44 /usr/lib/gcc/arm-none-eabi/10.3.1/../../../arm-none-eabi/lib/thumb/v6-m/nofp/libc_nano.a(lib_a-init.o)
                0x0000000008000158                __libc_init_array
 .text          0x000000000800019c       0x48 /usr/lib/gcc/arm-none-eabi/10.3.1/../../../arm-none-eabi/lib/thumb/v6-m/nofp/libc_nano.a(lib_a-memcmp.o)
                0x000000000800019c                memcmp
 .text          0x00000000080001e4       0xa4 /usr/lib/gcc/arm-none-eabi/10.3.1/../../../arm-none-eabi/lib/thumb/v6-m/nofp/libc_nano.a(lib_a-memcpy-stub.o)
                0x00000000080001e4                memcpy
 .text          0x0000000008000288       0xa8 /usr/lib/gcc/arm-none-eabi/10.3.1/../../../arm-none-eabi/lib/thumb/v6-m/nofp/libc_nano.a(lib_a-memset.o)
                0x0000000008000288                memset
 .text          0x0000000008000330       0xe8 /usr/lib/gcc/arm-none-eabi/10.3.1/../../../arm-none-eabi/lib/thumb/v6-m/nofp/libc_nano.a(lib_a-rand.o)
                0x0000000008000330                srand
                0x0000000008000390                rand
 .text          0x0000000008000418      0x100 /usr/lib/gcc/arm-none-eabi/10.3.1/../../../arm-none-eabi/lib/thumb/v6-m/nofp/libc_nano.a(lib_a-snprintf.o)
                0x0000000008000418                _sniprintf_r
                0x0000000008000418                _snprintf_r
                0x0000000008000494                snprintf
                0x0000000008000494                sniprintf
 .text          0x0000000008000518       0x88 /usr/lib/gcc/arm-none-eabi/10.3.1/../../../arm-none-eabi/lib/thumb/v6-m/nofp/libc_nano.a(lib_a-strcmp.o)
                0x0000000008000518                strcmp
 .text          0x00000000080005a0       0x5c /usr/lib/gcc/arm-none-eabi/10.3.1/../../../arm-none-eabi/lib/thumb/v6-m/nofp/libc_nano.a(lib_a-strlen-stub.o)
                0x00000000080005a0                strlen
 .text          0x00000000080005fc       0x64 /usr/lib/gcc/arm-none-eabi/10.3.1/../../../arm-none-eabi/lib/thumb/v6-m/nofp/libc_nano.a(lib_a-vsprintf.o)
                0x00000000080005fc                vsprintf
                0x00000000080005fc                vsiprintf
                0x0000000008000634                _vsiprintf_r
                0x0000000008000634                _vsprintf_r
 .text          0x0000000008000660       0x4c /usr/lib/gcc/arm-none-eabi/10.3.1/../../../arm-none-eabi/lib/thumb/v6-m/nofp/libc_nano.a(lib_a-assert.o)
                0x0000000008000660                __assert_func
                0x00000000080006a0                __assert
 .text          0x00000000080006ac       0x3c /usr/lib/gcc/arm-none-eabi/10.3.1/../../../arm-none-eabi/lib/thumb/v6-m/nofp/libc_nano.a(lib_a-fprintf.o)
                0x00000000080006ac                _fprintf_r
                0x00000000080006ac                _fiprintf_r
                0x00000000080006c4                fprintf
                0x00000000080006c4                fiprintf
 .text          0x00000000080006e8       0x28 /usr/lib/gcc/arm-none-eabi/10.3.1/../../../arm-none-eabi/lib/thumb/v6-m/nofp/libc_nano.a(lib_a-malloc.o)
                0x00000000080006e8                malloc
                0x00000000080006fc                free
 .text          0x0000000008000710       0xc0 /usr/lib/gcc/arm-none-eabi/10.3.1/../../../arm-none-eabi/lib/thumb/v6-m/nofp/libc_nano.a(lib_a-nano-freer.o)
                0x0000000008000710                _free_r
 .text          0x00000000080007d0       0xc4 /usr/lib/gcc/arm-none-eabi/10.3.1/../../../arm-none-eabi/lib/thumb/v6-m/nofp/libc_nano.a(lib_a-nano-mallocr.o)
                0x00000000080007d0                _malloc_r
 .text          0x0000000008000894      0x428 /usr/lib/gcc/arm-none-eabi/10.3.1/../../../arm-none-eabi/lib/thumb/v6-m/nofp/libc_nano.a(lib_a-nano-svfprintf.o)
                0x0000000008000894                __ssputs_r
                0x000000000800096c                __ssprint_r
                0x0000000008000a80                _svfprintf_r
                0x0000000008000a80                _svfiprintf_r
 .text          0x0000000008000cbc      0x344 /usr/lib/gcc/arm-none-eabi/10.3.1/../../../arm-none-eabi/lib/thumb/v6-m/nofp/libc_nano.a(lib_a-nano-vfprintf.o)
                0x0000000008000ce4                __sfputs_r
                0x0000000008000d10                __sprint_r
                0x0000000008000d2c                _vfiprintf_r
                0x0000000008000d2c                _vfprintf_r
                0x0000000008000fe8                vfiprintf
                0x0000000008000fe8                vfprintf
 .text          0x0000000008001000      0x3c4 /usr/lib/gcc/arm-none-eabi/10.3.1/../../../arm-none-eabi/lib/thumb/v6-m/nofp/libc_nano.a(lib_a-nano-vfprintf_i.o)
                0x0000000008001000                _printf_common
                0x000000000800113c                _printf_i
 .text          0x00000000080013c4       0x24 /usr/lib/gcc/arm-none-eabi/10.3.1/../../../arm-none-eabi/lib/thumb/v6-m/nofp/libc_nano.a(lib_a-sbrkr.o)
                0x00000000080013c4                _sbrk_r
 .text          0x00000000080013e8       0xec /usr/lib/gcc/arm-none-eabi/10.3.1/../../../arm-none-eabi/lib/thumb/v6-m/nofp/libc_nano.a(lib_a-wbuf.o)
                0x00000000080013e8                __swbuf_r
                0x00000000080014bc                __swbuf
 .text          0x00000000080014d4      0x10c /usr/lib/gcc/arm-none-eabi/10.3.1/../../../arm-none-eabi/lib/thumb/v6-m/nofp/libc_nano.a(lib_a-wsetup.o)
                0x00000000080014d4                __swsetup_r
 .text          0x00000000080015e0       0x10 /usr/lib/gcc/arm-none-eabi/10.3.1/../../../arm-none-eabi/lib/thumb/v6-m/nofp/libc_nano.a(lib_a-abort.o)
                0x00000000080015e0                abort
 .text          0x00000000080015f0      0x200 /usr/lib/gcc/arm-none-eabi/10.3.1/../../../arm-none-eabi/lib/thumb/v6-m/nofp/libc_nano.a(lib_a-fflush.o)
                0x00000000080015f0                __sflush_r
                0x000000000800170c                _fflush_r
                0x0000000008001768                fflush
 .text          0x00000000080017f0      0x268 /usr/lib/gcc/arm-none-eabi/10.3.1/../../../arm-none-eabi/lib/thumb/v6-m/nofp/libc_nano.a(lib_a-findfp.o)
                0x00000000080017f4                _cleanup_r
                0x0000000008001808                __sfmoreglue
                0x0000000008001838                __sfp
                0x00000000080019f0                _cleanup
                0x0000000008001a08                __sinit
                0x0000000008001a18                __sfp_lock_acquire
                0x0000000008001a1c                __sfp_lock_release
                0x0000000008001a20                __sinit_lock_acquire
                0x0000000008001a24                __sinit_lock_release
                0x0000000008001a28                __fp_lock_all
                0x0000000008001a40                __fp_unlock_all
 .text          0x0000000008001a58      0x2f4 /usr/lib/gcc/arm-none-eabi/10.3.1/../../../arm-none-eabi/lib/thumb/v6-m/nofp/libc_nano.a(lib_a-fvwrite.o)
                0x0000000008001a58                __sfvwrite_r
 .text          0x0000000008001d4c       0x88 /usr/lib/gcc/arm-none-eabi/10.3.1/../../../arm-none-eabi/lib/thumb/v6-m/nofp/libc_nano.a(lib_a-fwalk.o)
                0x0000000008001d4c                _fwalk
                0x0000000008001d8c                _fwalk_reent
 .text          0x0000000008001dd4      0x10c /usr/lib/gcc/arm-none-eabi/10.3.1/../../../arm-none-eabi/lib/thumb/v6-m/nofp/libc_nano.a(lib_a-makebuf.o)
                0x0000000008001dd4                __smakebuf_r
                0x0000000008001e8c                __swhatbuf_r
 .text          0x0000000008001ee0       0x74 /usr/lib/gcc/arm-none-eabi/10.3.1/../../../arm-none-eabi/lib/thumb/v6-m/nofp/libc_nano.a(lib_a-memchr-stub.o)
                0x0000000008001ee0                memchr
 .text          0x0000000008001f54       0xac /usr/lib/gcc/arm-none-eabi/10.3.1/../../../arm-none-eabi/lib/thumb/v6-m/nofp/libc_nano.a(lib_a-memmove.o)
                0x0000000008001f54                memmove
 .text          0x0000000008002000        0x8 /usr/lib/gcc/arm-none-eabi/10.3.1/../../../arm-none-eabi/lib/thumb/v6-m/nofp/libc_nano.a(lib_a-mlock.o)
                0x0000000008002000                __malloc_lock
                0x0000000008002004                __malloc_unlock
 .text          0x0000000008002008       0x50 /usr/lib/gcc/arm-none-eabi/10.3.1/../../../arm-none-eabi/lib/thumb/v6-m/nofp/libc_nano.a(lib_a-nano-reallocr.o)
                0x0000000008002008                _realloc_r
 .text          0x0000000008002058      0x274 /usr/lib/gcc/arm-none-eabi/10.3.1/../../../arm-none-eabi/lib/thumb/v6-m/nofp/libc_nano.a(lib_a-signal.o)
                0x0000000008002058                _init_signal_r
                0x0000000008002088                _signal_r
                0x00000000080020d0                _raise_r
                0x0000000008002128                __sigtramp_r
                0x0000000008002184                raise
                0x00000000080021e0                signal
                0x0000000008002230                _init_signal
                0x0000000008002268                __sigtramp
 .text          0x00000000080022cc       0x30 /usr/lib/gcc/arm-none-eabi/10.3.1/../../../arm-none-eabi/lib/thumb/v6-m/nofp/libc_nano.a(lib_a-signalr.o)
                0x00000000080022cc                _kill_r
                0x00000000080022f4                _getpid_r
 .text          0x00000000080022fc       0xa4 /usr/lib/gcc/arm-none-eabi/10.3.1/../../../arm-none-eabi/lib/thumb/v6-m/nofp/libc_nano.a(lib_a-stdio.o)
                0x00000000080022fc                __sread
                0x0000000008002324                __seofread
                0x0000000008002328                __swrite
                0x0000000008002368                __sseek
                0x0000000008002394                __sclose
 .text          0x00000000080023a0       0x28 /usr/lib/gcc/arm-none-eabi/10.3.1/../../../arm-none-eabi/lib/thumb/v6-m/nofp/libc_nano.a(lib_a-writer.o)
                0x00000000080023a0                _write_r
 .text          0x00000000080023c8       0x24 /usr/lib/gcc/arm-none-eabi/10.3.1/../../../arm-none-eabi/lib/thumb/v6-m/nofp/libc_nano.a(lib_a-closer.o)
                0x00000000080023c8                _close_r
 .text          0x00000000080023ec       0x28 /usr/lib/gcc/arm-none-eabi/10.3.1/../../../arm-none-eabi/lib/thumb/v6-m/nofp/libc_nano.a(lib_a-fstatr.o)
                0x00000000080023ec                _fstat_r
 .text          0x0000000008002414       0x24 /usr/lib/gcc/arm-none-eabi/10.3.1/../../../arm-none-eabi/lib/thumb/v6-m/nofp/libc_nano.a(lib_a-isattyr.o)
                0x0000000008002414                _isatty_r
 .text          0x0000000008002438       0x28 /usr/lib/gcc/arm-none-eabi/10.3.1/../../../arm-none-eabi/lib/thumb/v6-m/nofp/libc_nano.a(lib_a-lseekr.o)
                0x0000000008002438                _lseek_r
 .text          0x0000000008002460       0x14 /usr/lib/gcc/arm-none-eabi/10.3.1/../../../arm-none-eabi/lib/thumb/v6-m/nofp/libc_nano.a(lib_a-nano-msizer.o)
                0x0000000008002460                _malloc_usable_size_r
 .text          0x0000000008002474       0x28 /usr/lib/gcc/arm-none-eabi/10.3.1/../../../arm-none-eabi/lib/thumb/v6-m/nofp/libc_nano.a(lib_a-readr.o)
                0x0000000008002474                _read_r
 .text          0x000000000800249c       0x10 /usr/lib/gcc/arm-none-eabi/10.3.1/../../../arm-none-eabi/lib/thumb/v6-m/nofp/libnosys.a(close.o)
                0x000000000800249c                _close
 .text          0x00000000080024ac       0x10 /usr/lib/gcc/arm-none-eabi/10.3.1/../../../arm-none-eabi/lib/thumb/v6-m/nofp/libnosys.a(fstat.o)
                0x00000000080024ac                _fstat
 .text          0x00000000080024bc       0x10 /usr/lib/gcc/arm-none-eabi/10.3.1/../../../arm-none-eabi/lib/thumb/v6-m/nofp/libnosys.a(getpid.o)
                0x00000000080024bc                _getpid
 .text          0x00000000080024cc       0x10 /usr/lib/gcc/arm-none-eabi/10.3.1/../../../arm-none-eabi/lib/thumb/v6-m/nofp/libnosys.a(isatty.o)
                0x00000000080024cc                _isatty
 .text          0x00000000080024dc       0x10 /usr/lib/gcc/arm-none-eabi/10.3.1/../../../arm-none-eabi/lib/thumb/v6-m/nofp/libnosys.a(kill.o)
                0x00000000080024dc                _kill
 .text          0x00000000080024ec       0x10 /usr/lib/gcc/arm-none-eabi/10.3.1/../../../arm-none-eabi/lib/thumb/v6-m/nofp/libnosys.a(lseek.o)
                0x00000000080024ec                _lseek
 .text          0x00000000080024fc       0x10 /usr/lib/gcc/arm-none-eabi/10.3.1/../../../arm-none-eabi/lib/thumb/v6-m/nofp/libnosys.a(read.o)
                0x00000000080024fc                _read
 .text          0x000000000800250c       0x1c /usr/lib/gcc/arm-none-eabi/10.3.1/../../../arm-none-eabi/lib/thumb/v6-m/nofp/libnosys.a(sbrk.o)
                0x000000000800250c                _sbrk
 .text          0x0000000008002528       0x10 /usr/lib/gcc/arm-none-eabi/10.3.1/../../../arm-none-eabi/lib/thumb/v6-m/nofp/libnosys.a(write.o)
                0x0000000008002528                _write
 .text          0x0000000008002538        0x4 /usr/lib/gcc/arm-none-eabi/10.3.1/../../../arm-none-eabi/lib/thumb/v6-m/nofp/libnosys.a(_exit.o)
                0x0000000008002538                _exit
 .text          0x000000000800253c       0x14 /usr/lib/gcc/arm-none-eabi/10.3.1/thumb/v6-m/nofp/libgcc.a(_thumb1_case_sqi.o)
                0x000000000800253c                __gnu_thumb1_case_sqi
 .text          0x0000000008002550       0x14 /usr/lib/gcc/arm-none-eabi/10.3.1/thumb/v6-m/nofp/libgcc.a(_thumb1_case_uqi.o)
                0x0000000008002550                __gnu_thumb1_case_uqi
 .text          0x0000000008002564       0x14 /usr/lib/gcc/arm-none-eabi/10.3.1/thumb/v6-m/nofp/libgcc.a(_thumb1_case_uhi.o)
                0x0000000008002564                __gnu_thumb1_case_uhi
 .text          0x0000000008002578      0x114 /usr/lib/gcc/arm-none-eabi/10.3.1/thumb/v6-m/nofp/libgcc.a(_udivsi3.o)
                0x0000000008002578                __udivsi3
                0x0000000008002578                __aeabi_uidiv
                0x0000000008002684                __aeabi_uidivmod
 .text          0x000000000800268c      0x1d4 /usr/lib/gcc/arm-none-eabi/10.3.1/thumb/v6-m/nofp/libgcc.a(_divsi3.o)
                0x000000000800268c                __aeabi_idiv
                0x000000000800268c                __divsi3
                0x0000000008002858                __aeabi_idivmod
 .text          0x0000000008002860        0x4 /usr/lib/gcc/arm-none-eabi/10.3.1/thumb/v6-m/nofp/libgcc.a(_dvmd_tls.o)
                0x0000000008002860                __aeabi_ldiv0
                0x0000000008002860                __aeabi_idiv0
 .text          0x0000000008002864       0x40 /usr/lib/gcc/arm-none-eabi/10.3.1/thumb/v6-m/nofp/libgcc.a(_aeabi_uldivmod.o)
                0x0000000008002864                __aeabi_uldivmod
 .text          0x00000000080028a4       0x5c /usr/lib/gcc/arm-none-eabi/10.3.1/thumb/v6-m/nofp/libgcc.a(_muldi3.o)
                0x00000000080028a4                __aeabi_lmul
                0x00000000080028a4                __muldi3
 .text          0x0000000008002900      0x198 /usr/lib/gcc/arm-none-eabi/10.3.1/thumb/v6-m/nofp/libgcc.a(_udivmoddi4.o)
                0x0000000008002900                __udivmoddi4
 .text          0x0000000008002a98       0x3c /usr/lib/gcc/arm-none-eabi/10.3.1/thumb/v6-m/nofp/libgcc.a(_clzsi2.o)
                0x0000000008002a98                __clzsi2
 .text          0x0000000008002ad4       0x18 /usr/lib/gcc/arm-none-eabi/10.3.1/thumb/v6-m/nofp/libgcc.a(_clzdi2.o)
                0x0000000008002ad4                __clzdi2
 *(.text*)
 .text.transmission_timer_cb
                0x0000000008002aec       0x34 build_sx1261_l0/main.o
 .text.send_uplink_counter_on_port.constprop.0
                0x0000000008002b20       0xc0 build_sx1261_l0/main.o
 .text.modem_event_callback
                0x0000000008002be0      0x5c4 build_sx1261_l0/main.o
 .text.startup.main
                0x00000000080031a4       0xcc build_sx1261_l0/main.o
                0x00000000080031a4                main
 .text.mx25_wakeup
                0x0000000008003270       0x34 build_sx1261_l0/mx25.o
                0x0000000008003270                mx25_wakeup
 .text.mx25_read_status
                0x00000000080032a4       0x34 build_sx1261_l0/mx25.o
                0x00000000080032a4                mx25_read_status
 .text.mx25_busy
                0x00000000080032d8       0x14 build_sx1261_l0/mx25.o
                0x00000000080032d8                mx25_busy
 .text.mx25_wait_ready
                0x00000000080032ec       0x2c build_sx1261_l0/mx25.o
                0x00000000080032ec                mx25_wait_ready
 .text.mx25_sleep
                0x0000000008003318       0x38 build_sx1261_l0/mx25.o
                0x0000000008003318                mx25_sleep
 .text.mx25_read_id
                0x0000000008003350       0x5c build_sx1261_l0/mx25.o
                0x0000000008003350                mx25_read_id
 .text.mx25_init
                0x00000000080033ac       0x38 build_sx1261_l0/mx25.o
                0x00000000080033ac                mx25_init
 .text.sht3x_check_crc.constprop.0
                0x00000000080033e4       0x50 build_sx1261_l0/sht3x.o
 .text.sht3x_init
                0x0000000008003434       0x3c build_sx1261_l0/sht3x.o
                0x0000000008003434                sht3x_init
 .text.sht3x_read_temp
                0x0000000008003470       0x78 build_sx1261_l0/sht3x.o
                0x0000000008003470                sht3x_read_temp
 .text.settings_init
                0x00000000080034e8       0x88 build_sx1261_l0/settings.o
                0x00000000080034e8                settings_init
 .text.settings_print
                0x0000000008003570       0xb8 build_sx1261_l0/settings.o
                0x0000000008003570                settings_print
 .text.sha256_do
                0x0000000008003628      0x16c build_sx1261_l0/sha256.o
 .text.sha256   0x0000000008003794       0xa4 build_sx1261_l0/sha256.o
                0x0000000008003794                sha256
 .text.TimerSetTimeout
                0x0000000008003838       0x2a build_sx1261_l0/timer.o
 *fill*         0x0000000008003862        0x2 
 .text.TimerInsertNewHeadTimer
                0x0000000008003864       0x1c build_sx1261_l0/timer.o
 .text.TimerInit
                0x0000000008003880       0x10 build_sx1261_l0/timer.o
                0x0000000008003880                TimerInit
 .text.TimerStart
                0x0000000008003890       0x74 build_sx1261_l0/timer.o
                0x0000000008003890                TimerStart
 .text.TimerIrqHandler
                0x0000000008003904       0x7c build_sx1261_l0/timer.o
                0x0000000008003904                TimerIrqHandler
 .text.TimerStop
                0x0000000008003980       0x5c build_sx1261_l0/timer.o
                0x0000000008003980                TimerStop
 .text.TimerSetValue
                0x00000000080039dc       0x22 build_sx1261_l0/timer.o
                0x00000000080039dc                TimerSetValue
 .text.RtcGetTimerValue
                0x00000000080039fe        0x8 build_sx1261_l0/timer_rtc.o
                0x00000000080039fe                RtcGetTimerValue
 *fill*         0x0000000008003a06        0x2 
 .text.RtcSetTimerContext
                0x0000000008003a08       0x10 build_sx1261_l0/timer_rtc.o
                0x0000000008003a08                RtcSetTimerContext
 .text.RtcGetTimerContext
                0x0000000008003a18        0xc build_sx1261_l0/timer_rtc.o
                0x0000000008003a18                RtcGetTimerContext
 .text.RtcGetTimerElapsedTime
                0x0000000008003a24       0x14 build_sx1261_l0/timer_rtc.o
                0x0000000008003a24                RtcGetTimerElapsedTime
 .text.RtcSetAlarm
                0x0000000008003a38       0x40 build_sx1261_l0/timer_rtc.o
                0x0000000008003a38                RtcSetAlarm
 .text.RtcStopAlarm
                0x0000000008003a78       0x14 build_sx1261_l0/timer_rtc.o
                0x0000000008003a78                RtcStopAlarm
 .text.RtcMs2Tick
                0x0000000008003a8c        0x8 build_sx1261_l0/timer_rtc.o
                0x0000000008003a8c                RtcMs2Tick
 .text.RtcGetMinimumTimeout
                0x0000000008003a94        0x4 build_sx1261_l0/timer_rtc.o
                0x0000000008003a94                RtcGetMinimumTimeout
 .text.RtcIrq   0x0000000008003a98       0x28 build_sx1261_l0/timer_rtc.o
                0x0000000008003a98                RtcIrq
 .text.SystemInit
                0x0000000008003ac0        0x2 build_sx1261_l0/system_stm32l0xx.o
                0x0000000008003ac0                SystemInit
 *fill*         0x0000000008003ac2        0x2 
 .text.hal_watchdog_init
                0x0000000008003ac4       0x4c build_sx1261_l0/smtc_hal_watchdog.o
                0x0000000008003ac4                hal_watchdog_init
 .text.hal_watchdog_reload
                0x0000000008003b10       0x10 build_sx1261_l0/smtc_hal_watchdog.o
                0x0000000008003b10                hal_watchdog_reload
 .text.hal_spi_init
                0x0000000008003b20      0x254 build_sx1261_l0/smtc_hal_spi.o
                0x0000000008003b20                hal_spi_init
 .text.hal_spi_de_init
                0x0000000008003d74       0xfc build_sx1261_l0/smtc_hal_spi.o
                0x0000000008003d74                hal_spi_de_init
 .text.hal_spi_in_out
                0x0000000008003e70       0x48 build_sx1261_l0/smtc_hal_spi.o
                0x0000000008003e70                hal_spi_in_out
 .text.hal_rng_init
                0x0000000008003eb8       0x18 build_sx1261_l0/smtc_hal_rng.o
                0x0000000008003eb8                hal_rng_init
 .text.hal_rng_get_random
                0x0000000008003ed0        0x8 build_sx1261_l0/smtc_hal_rng.o
                0x0000000008003ed0                hal_rng_get_random
 .text.hal_rng_get_random_in_range
                0x0000000008003ed8       0x2a build_sx1261_l0/smtc_hal_rng.o
                0x0000000008003ed8                hal_rng_get_random_in_range
 *fill*         0x0000000008003f02        0x2 
 .text.hal_eeprom_write_buffer
                0x0000000008003f04       0x90 build_sx1261_l0/smtc_hal_eeprom.o
                0x0000000008003f04                hal_eeprom_write_buffer
 .text.hal_eeprom_read_buffer
                0x0000000008003f94       0x14 build_sx1261_l0/smtc_hal_eeprom.o
                0x0000000008003f94                hal_eeprom_read_buffer
 .text.LL_SYSCFG_SetEXTISource
                0x0000000008003fa8       0x20 build_sx1261_l0/smtc_hal_gpio.o
 .text.call_gpio_irq_cb
                0x0000000008003fc8       0x1c build_sx1261_l0/smtc_hal_gpio.o
 .text.hal_gpio_init_out
                0x0000000008003fe4       0x70 build_sx1261_l0/smtc_hal_gpio.o
                0x0000000008003fe4                hal_gpio_init_out
 .text.hal_gpio_irq_attach
                0x0000000008004054       0x1c build_sx1261_l0/smtc_hal_gpio.o
                0x0000000008004054                hal_gpio_irq_attach
 .text.hal_gpio_init_in
                0x0000000008004070      0x170 build_sx1261_l0/smtc_hal_gpio.o
                0x0000000008004070                hal_gpio_init_in
 .text.hal_gpio_irq_enable
                0x00000000080041e0       0x14 build_sx1261_l0/smtc_hal_gpio.o
                0x00000000080041e0                hal_gpio_irq_enable
 .text.hal_gpio_irq_disable
                0x00000000080041f4       0x2c build_sx1261_l0/smtc_hal_gpio.o
                0x00000000080041f4                hal_gpio_irq_disable
 .text.hal_gpio_set_value
                0x0000000008004220       0x22 build_sx1261_l0/smtc_hal_gpio.o
                0x0000000008004220                hal_gpio_set_value
 .text.hal_gpio_get_value
                0x0000000008004242       0x22 build_sx1261_l0/smtc_hal_gpio.o
                0x0000000008004242                hal_gpio_get_value
 .text.hal_gpio_clear_pending_irq
                0x0000000008004264       0x2c build_sx1261_l0/smtc_hal_gpio.o
                0x0000000008004264                hal_gpio_clear_pending_irq
 .text.EXTI0_1_IRQHandler
                0x0000000008004290       0x2c build_sx1261_l0/smtc_hal_gpio.o
                0x0000000008004290                EXTI0_1_IRQHandler
 .text.EXTI2_3_IRQHandler
                0x00000000080042bc       0x2c build_sx1261_l0/smtc_hal_gpio.o
                0x00000000080042bc                EXTI2_3_IRQHandler
 .text.EXTI4_15_IRQHandler
                0x00000000080042e8       0x28 build_sx1261_l0/smtc_hal_gpio.o
                0x00000000080042e8                EXTI4_15_IRQHandler
 .text.trace_uart_init
                0x0000000008004310       0xcc build_sx1261_l0/smtc_hal_uart.o
                0x0000000008004310                trace_uart_init
 .text.trace_uart_deinit
                0x00000000080043dc       0x60 build_sx1261_l0/smtc_hal_uart.o
                0x00000000080043dc                trace_uart_deinit
 .text.trace_uart_tx
                0x000000000800443c       0x34 build_sx1261_l0/smtc_hal_uart.o
                0x000000000800443c                trace_uart_tx
 .text.hal_lp_timer_init
                0x0000000008004470       0x9c build_sx1261_l0/smtc_hal_lp_timer.o
                0x0000000008004470                hal_lp_timer_init
 .text.hal_lp_timer_start
                0x000000000800450c       0xb8 build_sx1261_l0/smtc_hal_lp_timer.o
                0x000000000800450c                hal_lp_timer_start
 .text.hal_lp_timer_stop
                0x00000000080045c4       0x44 build_sx1261_l0/smtc_hal_lp_timer.o
                0x00000000080045c4                hal_lp_timer_stop
 .text.hal_lp_timer_irq_enable
                0x0000000008004608       0x44 build_sx1261_l0/smtc_hal_lp_timer.o
                0x0000000008004608                hal_lp_timer_irq_enable
 .text.hal_lp_timer_irq_disable
                0x000000000800464c       0x4c build_sx1261_l0/smtc_hal_lp_timer.o
                0x000000000800464c                hal_lp_timer_irq_disable
 .text.LPTIM1_IRQHandler
                0x0000000008004698       0x28 build_sx1261_l0/smtc_hal_lp_timer.o
                0x0000000008004698                LPTIM1_IRQHandler
 .text.hal_rtc_init
                0x00000000080046c0       0xd0 build_sx1261_l0/smtc_hal_rtc.o
                0x00000000080046c0                hal_rtc_init
 .text.hal_rtc_wakeup_timer_set_ms
                0x0000000008004790       0x6c build_sx1261_l0/smtc_hal_rtc.o
                0x0000000008004790                hal_rtc_wakeup_timer_set_ms
 .text.hal_rtc_wakeup_timer_stop
                0x00000000080047fc       0x28 build_sx1261_l0/smtc_hal_rtc.o
                0x00000000080047fc                hal_rtc_wakeup_timer_stop
 .text.rtc_get_timestamp_in_ticks
                0x0000000008004824      0x104 build_sx1261_l0/smtc_hal_rtc.o
                0x0000000008004824                rtc_get_timestamp_in_ticks
 .text.rtc_get_calendar_time.constprop.0
                0x0000000008004928       0x30 build_sx1261_l0/smtc_hal_rtc.o
 .text.hal_rtc_get_time_ms
                0x0000000008004958       0x26 build_sx1261_l0/smtc_hal_rtc.o
                0x0000000008004958                hal_rtc_get_time_ms
 .text.hal_rtc_get_time_s
                0x000000000800497e       0x10 build_sx1261_l0/smtc_hal_rtc.o
                0x000000000800497e                hal_rtc_get_time_s
 .text.rtc_tick_2_ms
                0x000000000800498e       0x16 build_sx1261_l0/smtc_hal_rtc.o
                0x000000000800498e                rtc_tick_2_ms
 .text.rtc_ms_2_tick
                0x00000000080049a4       0x10 build_sx1261_l0/smtc_hal_rtc.o
                0x00000000080049a4                rtc_ms_2_tick
 .text.RTC_IRQHandler
                0x00000000080049b4       0x30 build_sx1261_l0/smtc_hal_rtc.o
                0x00000000080049b4                RTC_IRQHandler
 .text.hal_trace_print
                0x00000000080049e4       0x24 build_sx1261_l0/smtc_hal_trace.o
                0x00000000080049e4                hal_trace_print
 .text.hal_trace_print_var
                0x0000000008004a08       0x16 build_sx1261_l0/smtc_hal_trace.o
                0x0000000008004a08                hal_trace_print_var
 *fill*         0x0000000008004a1e        0x2 
 .text.hal_mcu_wait_us
                0x0000000008004a20       0x48 build_sx1261_l0/smtc_hal_mcu.o
                0x0000000008004a20                hal_mcu_wait_us
 .text.wut_cb   0x0000000008004a68        0xc build_sx1261_l0/smtc_hal_mcu.o
 .text.hal_mcu_critical_section_begin
                0x0000000008004a74        0xa build_sx1261_l0/smtc_hal_mcu.o
                0x0000000008004a74                hal_mcu_critical_section_begin
 .text.hal_mcu_critical_section_end
                0x0000000008004a7e        0x8 build_sx1261_l0/smtc_hal_mcu.o
                0x0000000008004a7e                hal_mcu_critical_section_end
 .text.hal_mcu_disable_irq
                0x0000000008004a86        0x4 build_sx1261_l0/smtc_hal_mcu.o
                0x0000000008004a86                hal_mcu_disable_irq
 .text.hal_mcu_enable_irq
                0x0000000008004a8a        0x4 build_sx1261_l0/smtc_hal_mcu.o
                0x0000000008004a8a                hal_mcu_enable_irq
 *fill*         0x0000000008004a8e        0x2 
 .text.hal_mcu_reset
                0x0000000008004a90       0x1c build_sx1261_l0/smtc_hal_mcu.o
                0x0000000008004a90                hal_mcu_reset
 .text.hal_mcu_init
                0x0000000008004aac      0x214 build_sx1261_l0/smtc_hal_mcu.o
                0x0000000008004aac                hal_mcu_init
 .text.hal_mcu_set_sleep_for_ms
                0x0000000008004cc0      0x16c build_sx1261_l0/smtc_hal_mcu.o
                0x0000000008004cc0                hal_mcu_set_sleep_for_ms
 .text.SysTick_Handler
                0x0000000008004e2c        0x2 build_sx1261_l0/smtc_hal_mcu.o
                0x0000000008004e2c                SysTick_Handler
 *fill*         0x0000000008004e2e        0x2 
 .text.HardFault_Handler
                0x0000000008004e30       0x38 build_sx1261_l0/smtc_hal_mcu.o
                0x0000000008004e30                HardFault_Handler
 .text.hal_mcu_delay_ms
                0x0000000008004e68       0x16 build_sx1261_l0/smtc_hal_mcu.o
                0x0000000008004e68                hal_mcu_delay_ms
 *fill*         0x0000000008004e7e        0x2 
 .text.LL_I2C_IsActiveFlag_NACK.constprop.0
                0x0000000008004e80       0x10 build_sx1261_l0/smtc_hal_i2c.o
 .text.i2c_read_buffer.constprop.0
                0x0000000008004e90      0x164 build_sx1261_l0/smtc_hal_i2c.o
 .text.hal_i2c_init
                0x0000000008004ff4       0xe8 build_sx1261_l0/smtc_hal_i2c.o
                0x0000000008004ff4                hal_i2c_init
 .text.hal_i2c_deinit
                0x00000000080050dc       0x58 build_sx1261_l0/smtc_hal_i2c.o
                0x00000000080050dc                hal_i2c_deinit
 .text.hal_i2c_set_addr_size
                0x0000000008005134        0xc build_sx1261_l0/smtc_hal_i2c.o
                0x0000000008005134                hal_i2c_set_addr_size
 .text.hal_i2c_read_buffer
                0x0000000008005140        0x8 build_sx1261_l0/smtc_hal_i2c.o
                0x0000000008005140                hal_i2c_read_buffer
 .text.LL_I2C_DeInit
                0x0000000008005148       0x70 build_sx1261_l0/stm32l0xx_ll_i2c.o
                0x0000000008005148                LL_I2C_DeInit
 .text.LL_I2C_Init
                0x00000000080051b8       0x74 build_sx1261_l0/stm32l0xx_ll_i2c.o
                0x00000000080051b8                LL_I2C_Init
 .text.LL_USART_Init
                0x000000000800522c       0xc8 build_sx1261_l0/stm32l0xx_ll_usart.o
                0x000000000800522c                LL_USART_Init
 .text.LL_RCC_HSI_IsReady
                0x00000000080052f4       0x10 build_sx1261_l0/stm32l0xx_ll_rcc.o
 .text.LL_RCC_LSE_IsReady
                0x0000000008005304       0x10 build_sx1261_l0/stm32l0xx_ll_rcc.o
 .text.LL_RCC_IsActiveFlag_HSIDIV
                0x0000000008005314       0x10 build_sx1261_l0/stm32l0xx_ll_rcc.o
 .text.RCC_GetHCLKClockFreq
                0x0000000008005324       0x18 build_sx1261_l0/stm32l0xx_ll_rcc.o
 .text.RCC_GetPCLK1ClockFreq
                0x000000000800533c       0x18 build_sx1261_l0/stm32l0xx_ll_rcc.o
 .text.RCC_GetSystemClockFreq
                0x0000000008005354       0x90 build_sx1261_l0/stm32l0xx_ll_rcc.o
 .text.LL_RCC_GetSystemClocksFreq
                0x00000000080053e4       0x34 build_sx1261_l0/stm32l0xx_ll_rcc.o
                0x00000000080053e4                LL_RCC_GetSystemClocksFreq
 .text.LL_RCC_GetUSARTClockFreq
                0x0000000008005418       0xc4 build_sx1261_l0/stm32l0xx_ll_rcc.o
                0x0000000008005418                LL_RCC_GetUSARTClockFreq
 .text.LL_LPTIM_DeInit
                0x00000000080054dc       0x2c build_sx1261_l0/stm32l0xx_ll_lptim.o
                0x00000000080054dc                LL_LPTIM_DeInit
 .text.LL_LPTIM_Disable
                0x0000000008005508       0xcc build_sx1261_l0/stm32l0xx_ll_lptim.o
                0x0000000008005508                LL_LPTIM_Disable
 .text.LL_Init1msTick
                0x00000000080055d4       0x20 build_sx1261_l0/stm32l0xx_ll_utils.o
                0x00000000080055d4                LL_Init1msTick
 .text.LL_SetSystemCoreClock
                0x00000000080055f4        0xc build_sx1261_l0/stm32l0xx_ll_utils.o
                0x00000000080055f4                LL_SetSystemCoreClock
 .text.smtc_modem_hal_reset_mcu
                0x0000000008005600        0x8 build_sx1261_l0/smtc_modem_hal.o
                0x0000000008005600                smtc_modem_hal_reset_mcu
 .text.smtc_modem_hal_get_time_in_s
                0x0000000008005608        0x8 build_sx1261_l0/smtc_modem_hal.o
                0x0000000008005608                smtc_modem_hal_get_time_in_s
 .text.smtc_modem_hal_get_time_in_ms
                0x0000000008005610        0x8 build_sx1261_l0/smtc_modem_hal.o
                0x0000000008005610                smtc_modem_hal_get_time_in_ms
 .text.smtc_modem_hal_start_timer
                0x0000000008005618       0x12 build_sx1261_l0/smtc_modem_hal.o
                0x0000000008005618                smtc_modem_hal_start_timer
 .text.smtc_modem_hal_stop_timer
                0x000000000800562a        0xa build_sx1261_l0/smtc_modem_hal.o
                0x000000000800562a                smtc_modem_hal_stop_timer
 .text.smtc_modem_hal_disable_modem_irq
                0x0000000008005634        0xe build_sx1261_l0/smtc_modem_hal.o
                0x0000000008005634                smtc_modem_hal_disable_modem_irq
 .text.smtc_modem_hal_enable_modem_irq
                0x0000000008005642        0xe build_sx1261_l0/smtc_modem_hal.o
                0x0000000008005642                smtc_modem_hal_enable_modem_irq
 .text.smtc_modem_hal_context_restore
                0x0000000008005650       0x74 build_sx1261_l0/smtc_modem_hal.o
                0x0000000008005650                smtc_modem_hal_context_restore
 .text.smtc_modem_hal_context_store
                0x00000000080056c4       0x74 build_sx1261_l0/smtc_modem_hal.o
                0x00000000080056c4                smtc_modem_hal_context_store
 .text.smtc_modem_hal_crashlog_store
                0x0000000008005738       0x30 build_sx1261_l0/smtc_modem_hal.o
                0x0000000008005738                smtc_modem_hal_crashlog_store
 .text.smtc_modem_hal_crashlog_get_status
                0x0000000008005768        0xc build_sx1261_l0/smtc_modem_hal.o
                0x0000000008005768                smtc_modem_hal_crashlog_get_status
 .text.smtc_modem_hal_on_panic
                0x0000000008005774       0x6c build_sx1261_l0/smtc_modem_hal.o
                0x0000000008005774                smtc_modem_hal_on_panic
 .text.smtc_modem_hal_get_random_nb_in_range
                0x00000000080057e0        0x8 build_sx1261_l0/smtc_modem_hal.o
                0x00000000080057e0                smtc_modem_hal_get_random_nb_in_range
 .text.smtc_modem_hal_irq_config_radio_irq
                0x00000000080057e8       0x18 build_sx1261_l0/smtc_modem_hal.o
                0x00000000080057e8                smtc_modem_hal_irq_config_radio_irq
 .text.smtc_modem_hal_radio_irq_clear_pending
                0x0000000008005800        0xa build_sx1261_l0/smtc_modem_hal.o
                0x0000000008005800                smtc_modem_hal_radio_irq_clear_pending
 .text.smtc_modem_hal_start_radio_tcxo
                0x000000000800580a        0x2 build_sx1261_l0/smtc_modem_hal.o
                0x000000000800580a                smtc_modem_hal_start_radio_tcxo
 .text.smtc_modem_hal_stop_radio_tcxo
                0x000000000800580c        0x2 build_sx1261_l0/smtc_modem_hal.o
                0x000000000800580c                smtc_modem_hal_stop_radio_tcxo
 .text.smtc_modem_hal_get_radio_tcxo_startup_delay_ms
                0x000000000800580e        0x4 build_sx1261_l0/smtc_modem_hal.o
                0x000000000800580e                smtc_modem_hal_get_radio_tcxo_startup_delay_ms
 .text.smtc_modem_hal_set_ant_switch
                0x0000000008005812        0xc build_sx1261_l0/smtc_modem_hal.o
                0x0000000008005812                smtc_modem_hal_set_ant_switch
 .text.smtc_modem_hal_get_battery_level
                0x000000000800581e        0x4 build_sx1261_l0/smtc_modem_hal.o
                0x000000000800581e                smtc_modem_hal_get_battery_level
 .text.smtc_modem_hal_get_board_delay_ms
                0x0000000008005822        0x4 build_sx1261_l0/smtc_modem_hal.o
                0x0000000008005822                smtc_modem_hal_get_board_delay_ms
 .text.smtc_modem_hal_user_lbm_irq
                0x0000000008005826        0x2 build_sx1261_l0/smtc_modem_hal.o
                0x0000000008005826                smtc_modem_hal_user_lbm_irq
 .text.sx126x_hal_check_device_ready
                0x0000000008005828       0x38 build_sx1261_l0/sx126x_hal.o
 .text.sx126x_hal_write
                0x0000000008005860       0x64 build_sx1261_l0/sx126x_hal.o
                0x0000000008005860                sx126x_hal_write
 .text.sx126x_hal_read
                0x00000000080058c4       0x4a build_sx1261_l0/sx126x_hal.o
                0x00000000080058c4                sx126x_hal_read
 *fill*         0x000000000800590e        0x2 
 .text.sx126x_hal_reset
                0x0000000008005910       0x34 build_sx1261_l0/sx126x_hal.o
                0x0000000008005910                sx126x_hal_reset
 .text.sx126x_hal_wakeup
                0x0000000008005944        0xa build_sx1261_l0/sx126x_hal.o
                0x0000000008005944                sx126x_hal_wakeup
 .text.ral_sx126x_bsp_get_reg_mode
                0x000000000800594e        0x6 build_sx1261_l0/ral_sx126x_bsp.o
                0x000000000800594e                ral_sx126x_bsp_get_reg_mode
 .text.ral_sx126x_bsp_get_rf_switch_cfg
                0x0000000008005954        0x6 build_sx1261_l0/ral_sx126x_bsp.o
                0x0000000008005954                ral_sx126x_bsp_get_rf_switch_cfg
 .text.ral_sx126x_bsp_get_tx_cfg
                0x000000000800595a       0x62 build_sx1261_l0/ral_sx126x_bsp.o
                0x000000000800595a                ral_sx126x_bsp_get_tx_cfg
 .text.ral_sx126x_bsp_get_xosc_cfg
                0x00000000080059bc        0x6 build_sx1261_l0/ral_sx126x_bsp.o
                0x00000000080059bc                ral_sx126x_bsp_get_xosc_cfg
 .text.ral_sx126x_bsp_get_trim_cap
                0x00000000080059c2        0x2 build_sx1261_l0/ral_sx126x_bsp.o
                0x00000000080059c2                ral_sx126x_bsp_get_trim_cap
 .text.ral_sx126x_bsp_get_rx_boost_cfg
                0x00000000080059c4        0x6 build_sx1261_l0/ral_sx126x_bsp.o
                0x00000000080059c4                ral_sx126x_bsp_get_rx_boost_cfg
 .text.ral_sx126x_bsp_get_ocp_value
                0x00000000080059ca        0x2 build_sx1261_l0/ral_sx126x_bsp.o
                0x00000000080059ca                ral_sx126x_bsp_get_ocp_value
 .text.ral_sx126x_bsp_get_lora_cad_det_peak
                0x00000000080059cc        0x2 build_sx1261_l0/ral_sx126x_bsp.o
                0x00000000080059cc                ral_sx126x_bsp_get_lora_cad_det_peak
 *fill*         0x00000000080059ce        0x2 
 .text.radio_utilities_get_tx_power_offset
                0x00000000080059d0        0xc build_sx1261_l0/radio_utilities.o
                0x00000000080059d0                radio_utilities_get_tx_power_offset
 .text.Reset_Handler
                0x00000000080059dc       0x50 build_sx1261_l0/startup_stm32l071xx.o
                0x00000000080059dc                Reset_Handler
 .text.Default_Handler
                0x0000000008005a2c        0x2 build_sx1261_l0/startup_stm32l071xx.o
                0x0000000008005a2c                ADC1_COMP_IRQHandler
                0x0000000008005a2c                TIM6_IRQHandler
                0x0000000008005a2c                PVD_IRQHandler
                0x0000000008005a2c                PendSV_Handler
                0x0000000008005a2c                NMI_Handler
                0x0000000008005a2c                I2C1_IRQHandler
                0x0000000008005a2c                SPI1_IRQHandler
                0x0000000008005a2c                I2C2_IRQHandler
                0x0000000008005a2c                DMA1_Channel4_5_6_7_IRQHandler
                0x0000000008005a2c                TIM3_IRQHandler
                0x0000000008005a2c                RCC_IRQHandler
                0x0000000008005a2c                DMA1_Channel1_IRQHandler
                0x0000000008005a2c                USART4_5_IRQHandler
                0x0000000008005a2c                Default_Handler
                0x0000000008005a2c                TIM22_IRQHandler
                0x0000000008005a2c                TIM7_IRQHandler
                0x0000000008005a2c                I2C3_IRQHandler
                0x0000000008005a2c                SPI2_IRQHandler
                0x0000000008005a2c                SVC_Handler
                0x0000000008005a2c                TIM21_IRQHandler
                0x0000000008005a2c                WWDG_IRQHandler
                0x0000000008005a2c                LPUART1_IRQHandler
                0x0000000008005a2c                TIM2_IRQHandler
                0x0000000008005a2c                DMA1_Channel2_3_IRQHandler
                0x0000000008005a2c                USART2_IRQHandler
                0x0000000008005a2c                FLASH_IRQHandler
                0x0000000008005a2c                USART1_IRQHandler
 .text.empty_callback
                0x0000000008005a2e        0x2 lbm/lbm_lib/./build/basic_modem.a(smtc_modem.o)
                0x0000000008005a2e                empty_callback
 .text.smtc_modem_custom_dr_distribution_to_tab
                0x0000000008005a30       0x42 lbm/lbm_lib/./build/basic_modem.a(smtc_modem.o)
 .text.smtc_modem_send_tx
                0x0000000008005a72       0x60 lbm/lbm_lib/./build/basic_modem.a(smtc_modem.o)
 *fill*         0x0000000008005ad2        0x2 
 .text.smtc_modem_init
                0x0000000008005ad4       0xac lbm/lbm_lib/./build/basic_modem.a(smtc_modem.o)
                0x0000000008005ad4                smtc_modem_init
 .text.smtc_modem_run_engine
                0x0000000008005b80       0x14 lbm/lbm_lib/./build/basic_modem.a(smtc_modem.o)
                0x0000000008005b80                smtc_modem_run_engine
 .text.smtc_modem_is_irq_flag_pending
                0x0000000008005b94       0x10 lbm/lbm_lib/./build/basic_modem.a(smtc_modem.o)
                0x0000000008005b94                smtc_modem_is_irq_flag_pending
 .text.smtc_modem_set_joineui
                0x0000000008005ba4       0x3a lbm/lbm_lib/./build/basic_modem.a(smtc_modem.o)
                0x0000000008005ba4                smtc_modem_set_joineui
 .text.smtc_modem_set_deveui
                0x0000000008005bde       0x3a lbm/lbm_lib/./build/basic_modem.a(smtc_modem.o)
                0x0000000008005bde                smtc_modem_set_deveui
 .text.smtc_modem_set_appkey
                0x0000000008005c18       0x3a lbm/lbm_lib/./build/basic_modem.a(smtc_modem.o)
                0x0000000008005c18                smtc_modem_set_appkey
 .text.smtc_modem_set_nwkkey
                0x0000000008005c52       0x3a lbm/lbm_lib/./build/basic_modem.a(smtc_modem.o)
                0x0000000008005c52                smtc_modem_set_nwkkey
 .text.smtc_modem_set_region
                0x0000000008005c8c       0x34 lbm/lbm_lib/./build/basic_modem.a(smtc_modem.o)
                0x0000000008005c8c                smtc_modem_set_region
 .text.smtc_modem_adr_set_profile
                0x0000000008005cc0       0x98 lbm/lbm_lib/./build/basic_modem.a(smtc_modem.o)
                0x0000000008005cc0                smtc_modem_adr_set_profile
 .text.smtc_modem_join_network
                0x0000000008005d58       0x52 lbm/lbm_lib/./build/basic_modem.a(smtc_modem.o)
                0x0000000008005d58                smtc_modem_join_network
 .text.smtc_modem_request_uplink
                0x0000000008005daa       0x3a lbm/lbm_lib/./build/basic_modem.a(smtc_modem.o)
                0x0000000008005daa                smtc_modem_request_uplink
 .text.smtc_modem_get_event
                0x0000000008005de4       0xc0 lbm/lbm_lib/./build/basic_modem.a(smtc_modem.o)
                0x0000000008005de4                smtc_modem_get_event
 .text.smtc_modem_get_downlink_data
                0x0000000008005ea4       0x7a lbm/lbm_lib/./build/basic_modem.a(smtc_modem.o)
                0x0000000008005ea4                smtc_modem_get_downlink_data
 .text.smtc_modem_set_class
                0x0000000008005f1e       0x2a lbm/lbm_lib/./build/basic_modem.a(smtc_modem.o)
                0x0000000008005f1e                smtc_modem_set_class
 .text.get_modem_event_count
                0x0000000008005f48       0x28 lbm/lbm_lib/./build/basic_modem.a(modem_event_utilities.o)
                0x0000000008005f48                get_modem_event_count
 .text.get_modem_event_status
                0x0000000008005f70       0x28 lbm/lbm_lib/./build/basic_modem.a(modem_event_utilities.o)
                0x0000000008005f70                get_modem_event_status
 .text.set_modem_event_count_and_status
                0x0000000008005f98       0x18 lbm/lbm_lib/./build/basic_modem.a(modem_event_utilities.o)
                0x0000000008005f98                set_modem_event_count_and_status
 .text.modem_event_init
                0x0000000008005fb0       0x24 lbm/lbm_lib/./build/basic_modem.a(modem_event_utilities.o)
                0x0000000008005fb0                modem_event_init
 .text.increment_modem_event_count_and_status
                0x0000000008005fd4       0x20 lbm/lbm_lib/./build/basic_modem.a(modem_event_utilities.o)
                0x0000000008005fd4                increment_modem_event_count_and_status
 .text.decrement_asynchronous_msgnumber
                0x0000000008005ff4       0x14 lbm/lbm_lib/./build/basic_modem.a(modem_event_utilities.o)
                0x0000000008005ff4                decrement_asynchronous_msgnumber
 .text.get_asynchronous_msgnumber
                0x0000000008006008        0xc lbm/lbm_lib/./build/basic_modem.a(modem_event_utilities.o)
                0x0000000008006008                get_asynchronous_msgnumber
 .text.increment_asynchronous_msgnumber
                0x0000000008006014       0x40 lbm/lbm_lib/./build/basic_modem.a(modem_event_utilities.o)
                0x0000000008006014                increment_asynchronous_msgnumber
 .text.get_last_msg_event
                0x0000000008006054       0x2c lbm/lbm_lib/./build/basic_modem.a(modem_event_utilities.o)
                0x0000000008006054                get_last_msg_event
 .text.fifo_ctrl_clear
                0x0000000008006080       0x14 lbm/lbm_lib/./build/basic_modem.a(fifo_ctrl.o)
                0x0000000008006080                fifo_ctrl_clear
 .text.fifo_ctrl_init
                0x0000000008006094        0xc lbm/lbm_lib/./build/basic_modem.a(fifo_ctrl.o)
                0x0000000008006094                fifo_ctrl_init
 .text.fifo_ctrl_print_stat
                0x00000000080060a0        0x2 lbm/lbm_lib/./build/basic_modem.a(fifo_ctrl.o)
                0x00000000080060a0                fifo_ctrl_print_stat
 .text.fifo_ctrl_get_nb_elt
                0x00000000080060a2        0x4 lbm/lbm_lib/./build/basic_modem.a(fifo_ctrl.o)
                0x00000000080060a2                fifo_ctrl_get_nb_elt
 .text.fifo_ctrl_get
                0x00000000080060a6      0x13c lbm/lbm_lib/./build/basic_modem.a(fifo_ctrl.o)
                0x00000000080060a6                fifo_ctrl_get
 .text.fifo_ctrl_set
                0x00000000080061e2      0x1aa lbm/lbm_lib/./build/basic_modem.a(fifo_ctrl.o)
                0x00000000080061e2                fifo_ctrl_set
 .text.modem_downlink_callback
                0x000000000800638c       0xb8 lbm/lbm_lib/./build/basic_modem.a(modem_core.o)
 .text.modem_context_get_fifo_obj
                0x0000000008006444        0x8 lbm/lbm_lib/./build/basic_modem.a(modem_core.o)
                0x0000000008006444                modem_context_get_fifo_obj
 .text.modem_set_test_mode_status
                0x000000000800644c        0xc lbm/lbm_lib/./build/basic_modem.a(modem_core.o)
                0x000000000800644c                modem_set_test_mode_status
 .text.modem_get_test_mode_status
                0x0000000008006458        0xc lbm/lbm_lib/./build/basic_modem.a(modem_core.o)
                0x0000000008006458                modem_get_test_mode_status
 .text.modem_get_user_alarm
                0x0000000008006464        0xc lbm/lbm_lib/./build/basic_modem.a(modem_core.o)
                0x0000000008006464                modem_get_user_alarm
 .text.modem_set_user_alarm
                0x0000000008006470        0xc lbm/lbm_lib/./build/basic_modem.a(modem_core.o)
                0x0000000008006470                modem_set_user_alarm
 .text.modem_get_rp
                0x000000000800647c        0xc lbm/lbm_lib/./build/basic_modem.a(modem_core.o)
                0x000000000800647c                modem_get_rp
 .text.crc      0x0000000008006488       0x34 lbm/lbm_lib/./build/basic_modem.a(modem_core.o)
                0x0000000008006488                crc
 .text.modem_duty_cycle_get_status
                0x00000000080064bc       0x54 lbm/lbm_lib/./build/basic_modem.a(modem_core.o)
                0x00000000080064bc                modem_duty_cycle_get_status
 .text.modem_get_status
                0x0000000008006510       0x3c lbm/lbm_lib/./build/basic_modem.a(modem_core.o)
                0x0000000008006510                modem_get_status
 .text.modem_store_modem_context
                0x000000000800654c       0x54 lbm/lbm_lib/./build/basic_modem.a(modem_core.o)
                0x000000000800654c                modem_store_modem_context
 .text.modem_load_modem_context
                0x00000000080065a0       0x5c lbm/lbm_lib/./build/basic_modem.a(modem_core.o)
                0x00000000080065a0                modem_load_modem_context
 .text.modem_context_init_light
                0x00000000080065fc      0x128 lbm/lbm_lib/./build/basic_modem.a(modem_core.o)
                0x00000000080065fc                modem_context_init_light
 .text.modem_get_reset_counter
                0x0000000008006724       0x10 lbm/lbm_lib/./build/basic_modem.a(modem_core.o)
                0x0000000008006724                modem_get_reset_counter
 .text.supervisor_idle_task_on_launch
                0x0000000008006734        0x2 lbm/lbm_lib/./build/basic_modem.a(modem_supervisor_light.o)
 .text.supervisor_idle_task_on_update
                0x0000000008006736        0x2 lbm/lbm_lib/./build/basic_modem.a(modem_supervisor_light.o)
 .text.modem_supervisor_init_callback
                0x0000000008006738       0x58 lbm/lbm_lib/./build/basic_modem.a(modem_supervisor_light.o)
                0x0000000008006738                modem_supervisor_init_callback
 .text.modem_supervisor_init
                0x0000000008006790       0x64 lbm/lbm_lib/./build/basic_modem.a(modem_supervisor_light.o)
                0x0000000008006790                modem_supervisor_init
 .text.modem_supervisor_add_task
                0x00000000080067f4       0x30 lbm/lbm_lib/./build/basic_modem.a(modem_supervisor_light.o)
                0x00000000080067f4                modem_supervisor_add_task
 .text.modem_supervisor_get_task
                0x0000000008006824        0x8 lbm/lbm_lib/./build/basic_modem.a(modem_supervisor_light.o)
                0x0000000008006824                modem_supervisor_get_task
 .text.modem_supervisor_engine
                0x000000000800682c      0x24c lbm/lbm_lib/./build/basic_modem.a(modem_supervisor_light.o)
                0x000000000800682c                modem_supervisor_engine
 .text.modem_supervisor_get_modem_is_suspended
                0x0000000008006a78       0x10 lbm/lbm_lib/./build/basic_modem.a(modem_supervisor_light.o)
                0x0000000008006a78                modem_supervisor_get_modem_is_suspended
 .text.shift_left_tpm_list
                0x0000000008006a88       0x1c lbm/lbm_lib/./build/basic_modem.a(modem_tx_protocol_manager.o)
 .text.reset_tpm_list
                0x0000000008006aa4       0x14 lbm/lbm_lib/./build/basic_modem.a(modem_tx_protocol_manager.o)
 .text.manage_idle_state
                0x0000000008006ab8        0x4 lbm/lbm_lib/./build/basic_modem.a(modem_tx_protocol_manager.o)
 .text.tpm_abort
                0x0000000008006abc       0x20 lbm/lbm_lib/./build/basic_modem.a(modem_tx_protocol_manager.o)
 .text.modem_tpm_radio_abort_lbt
                0x0000000008006adc        0x8 lbm/lbm_lib/./build/basic_modem.a(modem_tx_protocol_manager.o)
 .text.modem_tx_protocol_manager_engine
                0x0000000008006ae4       0x38 lbm/lbm_lib/./build/basic_modem.a(modem_tx_protocol_manager.o)
 .text.modem_tpm_radio_free_lbt
                0x0000000008006b1c       0x28 lbm/lbm_lib/./build/basic_modem.a(modem_tx_protocol_manager.o)
 .text.manage_tx_nwk_lora_state
                0x0000000008006b44       0x30 lbm/lbm_lib/./build/basic_modem.a(modem_tx_protocol_manager.o)
 .text.compute_tpm_list
                0x0000000008006b74       0x40 lbm/lbm_lib/./build/basic_modem.a(modem_tx_protocol_manager.o)
 .text.update_add_delay_ms
                0x0000000008006bb4       0x4c lbm/lbm_lib/./build/basic_modem.a(modem_tx_protocol_manager.o)
 .text.manage_tx_lora_state
                0x0000000008006c00       0xe0 lbm/lbm_lib/./build/basic_modem.a(modem_tx_protocol_manager.o)
 .text.manage_lbt_state
                0x0000000008006ce0       0x58 lbm/lbm_lib/./build/basic_modem.a(modem_tx_protocol_manager.o)
 .text.tpm_get_next_channel
                0x0000000008006d38       0x20 lbm/lbm_lib/./build/basic_modem.a(modem_tx_protocol_manager.o)
 .text.modem_tpm_radio_busy_lbt
                0x0000000008006d58       0x38 lbm/lbm_lib/./build/basic_modem.a(modem_tx_protocol_manager.o)
 .text.modem_tx_protcol_manager_init
                0x0000000008006d90       0xc0 lbm/lbm_lib/./build/basic_modem.a(modem_tx_protocol_manager.o)
                0x0000000008006d90                modem_tx_protcol_manager_init
 .text.tx_protocol_manager_is_busy
                0x0000000008006e50       0x20 lbm/lbm_lib/./build/basic_modem.a(modem_tx_protocol_manager.o)
                0x0000000008006e50                tx_protocol_manager_is_busy
 .text.tx_protocol_manager_request
                0x0000000008006e70       0xb8 lbm/lbm_lib/./build/basic_modem.a(modem_tx_protocol_manager.o)
                0x0000000008006e70                tx_protocol_manager_request
 .text.tx_protocol_manager_lr1mac_stand_alone_tx
                0x0000000008006f28       0x58 lbm/lbm_lib/./build/basic_modem.a(modem_tx_protocol_manager.o)
                0x0000000008006f28                tx_protocol_manager_lr1mac_stand_alone_tx
 .text.tx_protocol_manager_tx_is_aborted
                0x0000000008006f80       0x18 lbm/lbm_lib/./build/basic_modem.a(modem_tx_protocol_manager.o)
                0x0000000008006f80                tx_protocol_manager_tx_is_aborted
 .text.lorawan_certification_service_on_update
                0x0000000008006f98       0x9c lbm/lbm_lib/./build/basic_modem.a(lorawan_certification.o)
 .text.lorawan_certification_service_on_launch
                0x0000000008007034      0x134 lbm/lbm_lib/./build/basic_modem.a(lorawan_certification.o)
 .text.lorawan_certification_service_downlink_handler
                0x0000000008007168      0x4e8 lbm/lbm_lib/./build/basic_modem.a(lorawan_certification.o)
 .text.lorawan_certification_services_init
                0x0000000008007650       0xc0 lbm/lbm_lib/./build/basic_modem.a(lorawan_certification.o)
                0x0000000008007650                lorawan_certification_services_init
 .text.lorawan_join_management_service_downlink_handler
                0x0000000008007710        0x4 lbm/lbm_lib/./build/basic_modem.a(lorawan_join_management.o)
 .text.lorawan_join_internal_add_task
                0x0000000008007714       0x7c lbm/lbm_lib/./build/basic_modem.a(lorawan_join_management.o)
 .text.lorawan_join_management_service_on_update
                0x0000000008007790       0x60 lbm/lbm_lib/./build/basic_modem.a(lorawan_join_management.o)
 .text.lorawan_join_management_service_on_launch
                0x00000000080077f0       0x50 lbm/lbm_lib/./build/basic_modem.a(lorawan_join_management.o)
 .text.lorawan_join_management_services_init
                0x0000000008007840       0x28 lbm/lbm_lib/./build/basic_modem.a(lorawan_join_management.o)
                0x0000000008007840                lorawan_join_management_services_init
 .text.lorawan_join_add_task
                0x0000000008007868       0x34 lbm/lbm_lib/./build/basic_modem.a(lorawan_join_management.o)
                0x0000000008007868                lorawan_join_add_task
 .text.lorawan_send_management_service_on_update
                0x000000000800789c       0x7c lbm/lbm_lib/./build/basic_modem.a(lorawan_send_management.o)
 .text.lorawan_send_management_service_on_launch
                0x0000000008007918       0x9c lbm/lbm_lib/./build/basic_modem.a(lorawan_send_management.o)
 .text.lorawan_send_management_service_downlink_handler
                0x00000000080079b4       0x24 lbm/lbm_lib/./build/basic_modem.a(lorawan_send_management.o)
 .text.lorawan_send_management_services_init
                0x00000000080079d8       0x28 lbm/lbm_lib/./build/basic_modem.a(lorawan_send_management.o)
                0x00000000080079d8                lorawan_send_management_services_init
 .text.lorawan_send_add_task
                0x0000000008007a00       0xc0 lbm/lbm_lib/./build/basic_modem.a(lorawan_send_management.o)
                0x0000000008007a00                lorawan_send_add_task
 .text.lorawan_cid_request_management_downlink_handler
                0x0000000008007ac0        0x4 lbm/lbm_lib/./build/basic_modem.a(lorawan_cid_request_management.o)
 .text.lorawan_cid_request_management_on_update
                0x0000000008007ac4       0x82 lbm/lbm_lib/./build/basic_modem.a(lorawan_cid_request_management.o)
 .text.lorawan_cid_request_management_on_launch
                0x0000000008007b46       0x6a lbm/lbm_lib/./build/basic_modem.a(lorawan_cid_request_management.o)
 .text.lorawan_cid_request_management_init
                0x0000000008007bb0       0x28 lbm/lbm_lib/./build/basic_modem.a(lorawan_cid_request_management.o)
                0x0000000008007bb0                lorawan_cid_request_management_init
 .text.lorawan_dwn_ack_management_on_update
                0x0000000008007bd8        0x2 lbm/lbm_lib/./build/basic_modem.a(lorawan_dwn_ack_management.o)
 .text.lorawan_dwn_ack_management_on_launch
                0x0000000008007bda       0x54 lbm/lbm_lib/./build/basic_modem.a(lorawan_dwn_ack_management.o)
 *fill*         0x0000000008007c2e        0x2 
 .text.lorawan_dwn_ack_management_init
                0x0000000008007c30       0x28 lbm/lbm_lib/./build/basic_modem.a(lorawan_dwn_ack_management.o)
                0x0000000008007c30                lorawan_dwn_ack_management_init
 .text.lorawan_dwn_ack_add_task
                0x0000000008007c58       0x50 lbm/lbm_lib/./build/basic_modem.a(lorawan_dwn_ack_management.o)
                0x0000000008007c58                lorawan_dwn_ack_add_task
 .text.lorawan_dwn_ack_management_downlink_handler
                0x0000000008007ca8       0x28 lbm/lbm_lib/./build/basic_modem.a(lorawan_dwn_ack_management.o)
 .text.compute_cmac
                0x0000000008007cd0       0x84 lbm/lbm_lib/./build/basic_modem.a(soft_se.o)
 .text.smtc_secure_element_init
                0x0000000008007d54       0x2c lbm/lbm_lib/./build/basic_modem.a(soft_se.o)
                0x0000000008007d54                smtc_secure_element_init
 .text.smtc_secure_element_compute_aes_cmac
                0x0000000008007d80       0x1c lbm/lbm_lib/./build/basic_modem.a(soft_se.o)
                0x0000000008007d80                smtc_secure_element_compute_aes_cmac
 .text.smtc_secure_element_verify_aes_cmac
                0x0000000008007d9c       0x36 lbm/lbm_lib/./build/basic_modem.a(soft_se.o)
                0x0000000008007d9c                smtc_secure_element_verify_aes_cmac
 *fill*         0x0000000008007dd2        0x2 
 .text.smtc_secure_element_aes_encrypt
                0x0000000008007dd4       0x8c lbm/lbm_lib/./build/basic_modem.a(soft_se.o)
                0x0000000008007dd4                smtc_secure_element_aes_encrypt
 .text.smtc_secure_element_set_key.part.0
                0x0000000008007e60       0x88 lbm/lbm_lib/./build/basic_modem.a(soft_se.o)
 .text.smtc_secure_element_set_key
                0x0000000008007ee8       0x12 lbm/lbm_lib/./build/basic_modem.a(soft_se.o)
                0x0000000008007ee8                smtc_secure_element_set_key
 .text.smtc_secure_element_derive_and_store_key
                0x0000000008007efa       0x48 lbm/lbm_lib/./build/basic_modem.a(soft_se.o)
                0x0000000008007efa                smtc_secure_element_derive_and_store_key
 .text.smtc_secure_element_process_join_accept
                0x0000000008007f42       0xa0 lbm/lbm_lib/./build/basic_modem.a(soft_se.o)
                0x0000000008007f42                smtc_secure_element_process_join_accept
 *fill*         0x0000000008007fe2        0x2 
 .text.smtc_secure_element_set_deveui
                0x0000000008007fe4       0x24 lbm/lbm_lib/./build/basic_modem.a(soft_se.o)
                0x0000000008007fe4                smtc_secure_element_set_deveui
 .text.smtc_secure_element_get_deveui
                0x0000000008008008       0x24 lbm/lbm_lib/./build/basic_modem.a(soft_se.o)
                0x0000000008008008                smtc_secure_element_get_deveui
 .text.smtc_secure_element_set_joineui
                0x000000000800802c       0x28 lbm/lbm_lib/./build/basic_modem.a(soft_se.o)
                0x000000000800802c                smtc_secure_element_set_joineui
 .text.smtc_secure_element_get_joineui
                0x0000000008008054       0x28 lbm/lbm_lib/./build/basic_modem.a(soft_se.o)
                0x0000000008008054                smtc_secure_element_get_joineui
 .text.soft_ce_crc
                0x000000000800807c       0x34 lbm/lbm_lib/./build/basic_modem.a(soft_se.o)
                0x000000000800807c                soft_ce_crc
 .text.smtc_secure_element_restore_context
                0x00000000080080b0       0x7c lbm/lbm_lib/./build/basic_modem.a(soft_se.o)
                0x00000000080080b0                smtc_secure_element_restore_context
 .text.smtc_real_is_supported_region
                0x000000000800812c        0xa lbm/lbm_lib/./build/basic_modem.a(smtc_real.o)
                0x000000000800812c                smtc_real_is_supported_region
 *fill*         0x0000000008008136        0x2 
 .text.smtc_real_init
                0x0000000008008138       0x54 lbm/lbm_lib/./build/basic_modem.a(smtc_real.o)
                0x0000000008008138                smtc_real_init
 .text.smtc_real_config
                0x000000000800818c       0x38 lbm/lbm_lib/./build/basic_modem.a(smtc_real.o)
                0x000000000800818c                smtc_real_config
 .text.smtc_real_config_session
                0x00000000080081c4       0x20 lbm/lbm_lib/./build/basic_modem.a(smtc_real.o)
                0x00000000080081c4                smtc_real_config_session
 .text.smtc_real_set_custom_dr_distribution
                0x00000000080081e4       0x12 lbm/lbm_lib/./build/basic_modem.a(smtc_real.o)
                0x00000000080081e4                smtc_real_set_custom_dr_distribution
 .text.smtc_real_set_dr_distribution
                0x00000000080081f6       0x62 lbm/lbm_lib/./build/basic_modem.a(smtc_real.o)
                0x00000000080081f6                smtc_real_set_dr_distribution
 .text.smtc_real_get_number_of_chmask_in_cflist
                0x0000000008008258       0x24 lbm/lbm_lib/./build/basic_modem.a(smtc_real.o)
                0x0000000008008258                smtc_real_get_number_of_chmask_in_cflist
 .text.smtc_real_get_next_channel
                0x000000000800827c       0x30 lbm/lbm_lib/./build/basic_modem.a(smtc_real.o)
                0x000000000800827c                smtc_real_get_next_channel
 .text.smtc_real_get_join_next_channel
                0x00000000080082ac       0x30 lbm/lbm_lib/./build/basic_modem.a(smtc_real.o)
                0x00000000080082ac                smtc_real_get_join_next_channel
 .text.smtc_real_mask_channel_used_for_tx
                0x00000000080082dc       0x20 lbm/lbm_lib/./build/basic_modem.a(smtc_real.o)
                0x00000000080082dc                smtc_real_mask_channel_used_for_tx
 .text.smtc_real_get_rx1_datarate_config
                0x00000000080082fc       0x38 lbm/lbm_lib/./build/basic_modem.a(smtc_real.o)
                0x00000000080082fc                smtc_real_get_rx1_datarate_config
 .text.smtc_real_convert_power_cmd
                0x0000000008008334       0x1a lbm/lbm_lib/./build/basic_modem.a(smtc_real.o)
                0x0000000008008334                smtc_real_convert_power_cmd
 *fill*         0x000000000800834e        0x2 
 .text.smtc_real_set_channel_mask
                0x0000000008008350       0x34 lbm/lbm_lib/./build/basic_modem.a(smtc_real.o)
                0x0000000008008350                smtc_real_set_channel_mask
 .text.smtc_real_init_channel_mask
                0x0000000008008384       0x10 lbm/lbm_lib/./build/basic_modem.a(smtc_real.o)
                0x0000000008008384                smtc_real_init_channel_mask
 .text.smtc_real_init_join_snapshot_channel_mask
                0x0000000008008394       0x20 lbm/lbm_lib/./build/basic_modem.a(smtc_real.o)
                0x0000000008008394                smtc_real_init_join_snapshot_channel_mask
 .text.smtc_real_init_after_join_snapshot_channel_mask
                0x00000000080083b4       0x20 lbm/lbm_lib/./build/basic_modem.a(smtc_real.o)
                0x00000000080083b4                smtc_real_init_after_join_snapshot_channel_mask
 .text.smtc_real_build_channel_mask
                0x00000000080083d4       0x2c lbm/lbm_lib/./build/basic_modem.a(smtc_real.o)
                0x00000000080083d4                smtc_real_build_channel_mask
 .text.smtc_real_enable_all_channels_with_valid_freq
                0x0000000008008400       0x64 lbm/lbm_lib/./build/basic_modem.a(smtc_real.o)
                0x0000000008008400                smtc_real_enable_all_channels_with_valid_freq
 .text.smtc_real_is_rx1_dr_offset_valid
                0x0000000008008464       0x10 lbm/lbm_lib/./build/basic_modem.a(smtc_real.o)
                0x0000000008008464                smtc_real_is_rx1_dr_offset_valid
 .text.smtc_real_is_rx_dr_valid
                0x0000000008008474       0x2a lbm/lbm_lib/./build/basic_modem.a(smtc_real.o)
                0x0000000008008474                smtc_real_is_rx_dr_valid
 .text.smtc_real_is_tx_dr_valid
                0x000000000800849e       0x2a lbm/lbm_lib/./build/basic_modem.a(smtc_real.o)
                0x000000000800849e                smtc_real_is_tx_dr_valid
 .text.smtc_real_is_tx_dr_acceptable
                0x00000000080084c8       0x7c lbm/lbm_lib/./build/basic_modem.a(smtc_real.o)
                0x00000000080084c8                smtc_real_is_tx_dr_acceptable
 .text.smtc_real_decrement_dr_simulation
                0x0000000008008544       0x60 lbm/lbm_lib/./build/basic_modem.a(smtc_real.o)
                0x0000000008008544                smtc_real_decrement_dr_simulation
 .text.smtc_real_is_channel_index_valid
                0x00000000080085a4       0x38 lbm/lbm_lib/./build/basic_modem.a(smtc_real.o)
                0x00000000080085a4                smtc_real_is_channel_index_valid
 .text.smtc_real_is_payload_size_valid
                0x00000000080085dc       0x68 lbm/lbm_lib/./build/basic_modem.a(smtc_real.o)
                0x00000000080085dc                smtc_real_is_payload_size_valid
 .text.smtc_real_set_tx_frequency_channel
                0x0000000008008644       0x38 lbm/lbm_lib/./build/basic_modem.a(smtc_real.o)
                0x0000000008008644                smtc_real_set_tx_frequency_channel
 .text.smtc_real_set_rx1_frequency_channel
                0x000000000800867c       0x48 lbm/lbm_lib/./build/basic_modem.a(smtc_real.o)
                0x000000000800867c                smtc_real_set_rx1_frequency_channel
 .text.smtc_real_set_channel_dr
                0x00000000080086c4       0x68 lbm/lbm_lib/./build/basic_modem.a(smtc_real.o)
                0x00000000080086c4                smtc_real_set_channel_dr
 .text.smtc_real_set_channel_enabled
                0x000000000800872c       0x40 lbm/lbm_lib/./build/basic_modem.a(smtc_real.o)
                0x000000000800872c                smtc_real_set_channel_enabled
 .text.smtc_real_get_tx_channel_frequency
                0x000000000800876c       0x48 lbm/lbm_lib/./build/basic_modem.a(smtc_real.o)
                0x000000000800876c                smtc_real_get_tx_channel_frequency
 .text.smtc_real_get_min_tx_channel_dr
                0x00000000080087b4       0x8a lbm/lbm_lib/./build/basic_modem.a(smtc_real.o)
                0x00000000080087b4                smtc_real_get_min_tx_channel_dr
 .text.smtc_real_decrement_dr
                0x000000000800883e       0x4a lbm/lbm_lib/./build/basic_modem.a(smtc_real.o)
                0x000000000800883e                smtc_real_decrement_dr
 .text.smtc_real_mask_tx_dr_channel
                0x0000000008008888       0x34 lbm/lbm_lib/./build/basic_modem.a(smtc_real.o)
                0x0000000008008888                smtc_real_mask_tx_dr_channel
 .text.smtc_real_mask_tx_dr_channel_up_dwell_time_check
                0x00000000080088bc       0x3c lbm/lbm_lib/./build/basic_modem.a(smtc_real.o)
                0x00000000080088bc                smtc_real_mask_tx_dr_channel_up_dwell_time_check
 .text.smtc_real_get_next_tx_dr
                0x00000000080088f8      0x110 lbm/lbm_lib/./build/basic_modem.a(smtc_real.o)
                0x00000000080088f8                smtc_real_get_next_tx_dr
 .text.smtc_real_get_preamble_len
                0x0000000008008a08        0x4 lbm/lbm_lib/./build/basic_modem.a(smtc_real.o)
                0x0000000008008a08                smtc_real_get_preamble_len
 .text.smtc_real_is_channel_mask_for_mobile_mode
                0x0000000008008a0c       0xc4 lbm/lbm_lib/./build/basic_modem.a(smtc_real.o)
                0x0000000008008a0c                smtc_real_is_channel_mask_for_mobile_mode
 .text.smtc_real_get_modulation_type_from_datarate
                0x0000000008008ad0       0x2c lbm/lbm_lib/./build/basic_modem.a(smtc_real.o)
                0x0000000008008ad0                smtc_real_get_modulation_type_from_datarate
 .text.smtc_real_lora_dr_to_sf_bw
                0x0000000008008afc       0x30 lbm/lbm_lib/./build/basic_modem.a(smtc_real.o)
                0x0000000008008afc                smtc_real_lora_dr_to_sf_bw
 .text.smtc_real_fsk_dr_to_bitrate
                0x0000000008008b2c       0x2c lbm/lbm_lib/./build/basic_modem.a(smtc_real.o)
                0x0000000008008b2c                smtc_real_fsk_dr_to_bitrate
 .text.smtc_real_lr_fhss_dr_to_cr_bw
                0x0000000008008b58       0x30 lbm/lbm_lib/./build/basic_modem.a(smtc_real.o)
                0x0000000008008b58                smtc_real_lr_fhss_dr_to_cr_bw
 .text.smtc_real_lr_fhss_get_header_count
                0x0000000008008b88       0x28 lbm/lbm_lib/./build/basic_modem.a(smtc_real.o)
                0x0000000008008b88                smtc_real_lr_fhss_get_header_count
 .text.smtc_real_lr_fhss_get_grid
                0x0000000008008bb0       0x24 lbm/lbm_lib/./build/basic_modem.a(smtc_real.o)
                0x0000000008008bb0                smtc_real_lr_fhss_get_grid
 .text.smtc_real_clamp_output_power_eirp_vs_freq_and_dr
                0x0000000008008bd4       0x24 lbm/lbm_lib/./build/basic_modem.a(smtc_real.o)
                0x0000000008008bd4                smtc_real_clamp_output_power_eirp_vs_freq_and_dr
 .text.smtc_real_get_current_enabled_frequency_list
                0x0000000008008bf8       0x4a lbm/lbm_lib/./build/basic_modem.a(smtc_real.o)
                0x0000000008008bf8                smtc_real_get_current_enabled_frequency_list
 .text.smtc_real_is_tx_param_setup_req_supported
                0x0000000008008c42        0x6 lbm/lbm_lib/./build/basic_modem.a(smtc_real.o)
                0x0000000008008c42                smtc_real_is_tx_param_setup_req_supported
 .text.smtc_real_is_new_channel_req_supported
                0x0000000008008c48        0x6 lbm/lbm_lib/./build/basic_modem.a(smtc_real.o)
                0x0000000008008c48                smtc_real_is_new_channel_req_supported
 .text.smtc_real_get_rx1_join_delay
                0x0000000008008c4e        0x4 lbm/lbm_lib/./build/basic_modem.a(smtc_real.o)
                0x0000000008008c4e                smtc_real_get_rx1_join_delay
 .text.smtc_real_get_rx2_join_dr
                0x0000000008008c52        0x6 lbm/lbm_lib/./build/basic_modem.a(smtc_real.o)
                0x0000000008008c52                smtc_real_get_rx2_join_dr
 .text.smtc_real_get_coding_rate
                0x0000000008008c58        0x6 lbm/lbm_lib/./build/basic_modem.a(smtc_real.o)
                0x0000000008008c58                smtc_real_get_coding_rate
 .text.smtc_real_get_adr_ack_delay
                0x0000000008008c5e        0x4 lbm/lbm_lib/./build/basic_modem.a(smtc_real.o)
                0x0000000008008c5e                smtc_real_get_adr_ack_delay
 .text.smtc_real_get_adr_ack_limit
                0x0000000008008c62        0x4 lbm/lbm_lib/./build/basic_modem.a(smtc_real.o)
                0x0000000008008c62                smtc_real_get_adr_ack_limit
 .text.smtc_real_get_sync_word
                0x0000000008008c66        0x6 lbm/lbm_lib/./build/basic_modem.a(smtc_real.o)
                0x0000000008008c66                smtc_real_get_sync_word
 .text.smtc_real_get_gfsk_sync_word
                0x0000000008008c6c       0x28 lbm/lbm_lib/./build/basic_modem.a(smtc_real.o)
                0x0000000008008c6c                smtc_real_get_gfsk_sync_word
 .text.smtc_real_get_lr_fhss_sync_word
                0x0000000008008c94       0x28 lbm/lbm_lib/./build/basic_modem.a(smtc_real.o)
                0x0000000008008c94                smtc_real_get_lr_fhss_sync_word
 .text.smtc_real_is_dtc_supported
                0x0000000008008cbc        0x6 lbm/lbm_lib/./build/basic_modem.a(smtc_real.o)
                0x0000000008008cbc                smtc_real_is_dtc_supported
 *fill*         0x0000000008008cc2        0x2 
 .text.smtc_real_get_lbt_duration_ms
                0x0000000008008cc4       0x2c lbm/lbm_lib/./build/basic_modem.a(smtc_real.o)
                0x0000000008008cc4                smtc_real_get_lbt_duration_ms
 .text.smtc_real_get_lbt_threshold_dbm
                0x0000000008008cf0       0x30 lbm/lbm_lib/./build/basic_modem.a(smtc_real.o)
                0x0000000008008cf0                smtc_real_get_lbt_threshold_dbm
 .text.smtc_real_get_lbt_bw_hz
                0x0000000008008d20       0x2c lbm/lbm_lib/./build/basic_modem.a(smtc_real.o)
                0x0000000008008d20                smtc_real_get_lbt_bw_hz
 .text.smtc_real_get_max_payload_size
                0x0000000008008d4c       0x4c lbm/lbm_lib/./build/basic_modem.a(smtc_real.o)
                0x0000000008008d4c                smtc_real_get_max_payload_size
 .text.smtc_real_get_default_max_eirp
                0x0000000008008d98        0x4 lbm/lbm_lib/./build/basic_modem.a(smtc_real.o)
                0x0000000008008d98                smtc_real_get_default_max_eirp
 .text.smtc_real_set_uplink_dwell_time
                0x0000000008008d9c        0x6 lbm/lbm_lib/./build/basic_modem.a(smtc_real.o)
                0x0000000008008d9c                smtc_real_set_uplink_dwell_time
 .text.smtc_real_set_downlink_dwell_time
                0x0000000008008da2        0x6 lbm/lbm_lib/./build/basic_modem.a(smtc_real.o)
                0x0000000008008da2                smtc_real_set_downlink_dwell_time
 .text.smtc_real_decode_freq_from_buf
                0x0000000008008da8       0x16 lbm/lbm_lib/./build/basic_modem.a(smtc_real.o)
                0x0000000008008da8                smtc_real_decode_freq_from_buf
 .text.smtc_real_is_frequency_valid
                0x0000000008008dbe       0x14 lbm/lbm_lib/./build/basic_modem.a(smtc_real.o)
                0x0000000008008dbe                smtc_real_is_frequency_valid
 *fill*         0x0000000008008dd2        0x2 
 .text.smtc_real_is_nwk_received_tx_frequency_valid
                0x0000000008008dd4       0x34 lbm/lbm_lib/./build/basic_modem.a(smtc_real.o)
                0x0000000008008dd4                smtc_real_is_nwk_received_tx_frequency_valid
 .text.smtc_real_update_cflist
                0x0000000008008e08       0xfc lbm/lbm_lib/./build/basic_modem.a(smtc_real.o)
                0x0000000008008e08                smtc_real_update_cflist
 .text.smtc_real_is_tx_power_valid
                0x0000000008008f04        0x8 lbm/lbm_lib/./build/basic_modem.a(smtc_real.o)
                0x0000000008008f04                smtc_real_is_tx_power_valid
 .text.smtc_real_get_regional_parameters_version
                0x0000000008008f0c        0xc lbm/lbm_lib/./build/basic_modem.a(smtc_real.o)
                0x0000000008008f0c                smtc_real_get_regional_parameters_version
 .text.smtc_real_get_symbol_duration_us
                0x0000000008008f18       0x84 lbm/lbm_lib/./build/basic_modem.a(smtc_real.o)
                0x0000000008008f18                smtc_real_get_symbol_duration_us
 .text.smtc_real_get_rx_window_parameters
                0x0000000008008f9c       0xa4 lbm/lbm_lib/./build/basic_modem.a(smtc_real.o)
                0x0000000008008f9c                smtc_real_get_rx_window_parameters
 .text.smtc_real_get_rx_start_time_offset_ms
                0x0000000008009040       0x42 lbm/lbm_lib/./build/basic_modem.a(smtc_real.o)
                0x0000000008009040                smtc_real_get_rx_start_time_offset_ms
 .text.smtc_duty_cycle_get_band
                0x0000000008009082       0x2a lbm/lbm_lib/./build/basic_modem.a(smtc_duty_cycle.o)
 .text.smtc_duty_cycle_init
                0x00000000080090ac       0x1c lbm/lbm_lib/./build/basic_modem.a(smtc_duty_cycle.o)
                0x00000000080090ac                smtc_duty_cycle_init
 .text.smtc_duty_cycle_config
                0x00000000080090c8       0x54 lbm/lbm_lib/./build/basic_modem.a(smtc_duty_cycle.o)
                0x00000000080090c8                smtc_duty_cycle_config
 .text.smtc_duty_cycle_enable_set
                0x000000000800911c       0x20 lbm/lbm_lib/./build/basic_modem.a(smtc_duty_cycle.o)
                0x000000000800911c                smtc_duty_cycle_enable_set
 .text.smtc_duty_cycle_enable_get
                0x000000000800913c       0x14 lbm/lbm_lib/./build/basic_modem.a(smtc_duty_cycle.o)
                0x000000000800913c                smtc_duty_cycle_enable_get
 .text.smtc_duty_cycle_sum
                0x0000000008009150      0x11c lbm/lbm_lib/./build/basic_modem.a(smtc_duty_cycle.o)
                0x0000000008009150                smtc_duty_cycle_sum
 .text.smtc_duty_cycle_update
                0x000000000800926c       0xd0 lbm/lbm_lib/./build/basic_modem.a(smtc_duty_cycle.o)
                0x000000000800926c                smtc_duty_cycle_update
 .text.smtc_duty_cycle_band_get_available_toa_ms
                0x000000000800933c       0x4c lbm/lbm_lib/./build/basic_modem.a(smtc_duty_cycle.o)
                0x000000000800933c                smtc_duty_cycle_band_get_available_toa_ms
 .text.smtc_duty_cycle_is_channel_free
                0x0000000008009388       0x40 lbm/lbm_lib/./build/basic_modem.a(smtc_duty_cycle.o)
                0x0000000008009388                smtc_duty_cycle_is_channel_free
 .text.smtc_duty_cycle_is_band_free
                0x00000000080093c8       0x2c lbm/lbm_lib/./build/basic_modem.a(smtc_duty_cycle.o)
                0x00000000080093c8                smtc_duty_cycle_is_band_free
 .text.smtc_duty_cycle_get_next_free_time_ms
                0x00000000080093f4      0x1d0 lbm/lbm_lib/./build/basic_modem.a(smtc_duty_cycle.o)
                0x00000000080093f4                smtc_duty_cycle_get_next_free_time_ms
 .text.smtc_lbt_rp_callback
                0x00000000080095c4       0x46 lbm/lbm_lib/./build/basic_modem.a(smtc_lbt.o)
                0x00000000080095c4                smtc_lbt_rp_callback
 *fill*         0x000000000800960a        0x2 
 .text.smtc_lbt_launch_callback_for_rp
                0x000000000800960c      0x178 lbm/lbm_lib/./build/basic_modem.a(smtc_lbt.o)
                0x000000000800960c                smtc_lbt_launch_callback_for_rp
 .text.smtc_lbt_init
                0x0000000008009784       0x80 lbm/lbm_lib/./build/basic_modem.a(smtc_lbt.o)
                0x0000000008009784                smtc_lbt_init
 .text.smtc_lbt_set_parameters
                0x0000000008009804       0x14 lbm/lbm_lib/./build/basic_modem.a(smtc_lbt.o)
                0x0000000008009804                smtc_lbt_set_parameters
 .text.smtc_lbt_get_parameters
                0x0000000008009818       0x14 lbm/lbm_lib/./build/basic_modem.a(smtc_lbt.o)
                0x0000000008009818                smtc_lbt_get_parameters
 .text.smtc_lbt_set_state
                0x000000000800982c        0x6 lbm/lbm_lib/./build/basic_modem.a(smtc_lbt.o)
                0x000000000800982c                smtc_lbt_set_state
 .text.smtc_lbt_get_state
                0x0000000008009832        0x6 lbm/lbm_lib/./build/basic_modem.a(smtc_lbt.o)
                0x0000000008009832                smtc_lbt_get_state
 .text.smtc_lbt_listen_channel
                0x0000000008009838      0x110 lbm/lbm_lib/./build/basic_modem.a(smtc_lbt.o)
                0x0000000008009838                smtc_lbt_listen_channel
 .text.smtc_lbt_get_obj
                0x0000000008009948       0x14 lbm/lbm_lib/./build/basic_modem.a(smtc_lbt.o)
                0x0000000008009948                smtc_lbt_get_obj
 .text.ral_sx126x_cfg_trim_cap
                0x000000000800995c       0x7e lbm/lbm_lib/./build/basic_modem.a(ral_sx126x.o)
 *fill*         0x00000000080099da        0x2 
 .text.ral_sx126x_handles_part
                0x00000000080099dc       0x2c lbm/lbm_lib/./build/basic_modem.a(ral_sx126x.o)
                0x00000000080099dc                ral_sx126x_handles_part
 .text.ral_sx126x_reset
                0x0000000008009a08        0x8 lbm/lbm_lib/./build/basic_modem.a(ral_sx126x.o)
                0x0000000008009a08                ral_sx126x_reset
 .text.ral_sx126x_init
                0x0000000008009a10       0x92 lbm/lbm_lib/./build/basic_modem.a(ral_sx126x.o)
                0x0000000008009a10                ral_sx126x_init
 .text.ral_sx126x_wakeup
                0x0000000008009aa2        0x8 lbm/lbm_lib/./build/basic_modem.a(ral_sx126x.o)
                0x0000000008009aa2                ral_sx126x_wakeup
 .text.ral_sx126x_set_sleep
                0x0000000008009aaa        0xe lbm/lbm_lib/./build/basic_modem.a(ral_sx126x.o)
                0x0000000008009aaa                ral_sx126x_set_sleep
 .text.ral_sx126x_set_standby
                0x0000000008009ab8       0x16 lbm/lbm_lib/./build/basic_modem.a(ral_sx126x.o)
                0x0000000008009ab8                ral_sx126x_set_standby
 .text.ral_sx126x_set_fs
                0x0000000008009ace        0x8 lbm/lbm_lib/./build/basic_modem.a(ral_sx126x.o)
                0x0000000008009ace                ral_sx126x_set_fs
 .text.ral_sx126x_set_tx
                0x0000000008009ad6       0x16 lbm/lbm_lib/./build/basic_modem.a(ral_sx126x.o)
                0x0000000008009ad6                ral_sx126x_set_tx
 .text.ral_sx126x_set_rx
                0x0000000008009aec       0x38 lbm/lbm_lib/./build/basic_modem.a(ral_sx126x.o)
                0x0000000008009aec                ral_sx126x_set_rx
 .text.ral_sx126x_cfg_rx_boosted
                0x0000000008009b24        0x8 lbm/lbm_lib/./build/basic_modem.a(ral_sx126x.o)
                0x0000000008009b24                ral_sx126x_cfg_rx_boosted
 .text.ral_sx126x_set_rx_tx_fallback_mode
                0x0000000008009b2c       0x18 lbm/lbm_lib/./build/basic_modem.a(ral_sx126x.o)
                0x0000000008009b2c                ral_sx126x_set_rx_tx_fallback_mode
 .text.ral_sx126x_stop_timer_on_preamble
                0x0000000008009b44        0x8 lbm/lbm_lib/./build/basic_modem.a(ral_sx126x.o)
                0x0000000008009b44                ral_sx126x_stop_timer_on_preamble
 .text.ral_sx126x_set_rx_duty_cycle
                0x0000000008009b4c        0x8 lbm/lbm_lib/./build/basic_modem.a(ral_sx126x.o)
                0x0000000008009b4c                ral_sx126x_set_rx_duty_cycle
 .text.ral_sx126x_set_lora_cad
                0x0000000008009b54       0x14 lbm/lbm_lib/./build/basic_modem.a(ral_sx126x.o)
                0x0000000008009b54                ral_sx126x_set_lora_cad
 .text.ral_sx126x_set_tx_cw
                0x0000000008009b68       0x14 lbm/lbm_lib/./build/basic_modem.a(ral_sx126x.o)
                0x0000000008009b68                ral_sx126x_set_tx_cw
 .text.ral_sx126x_set_tx_infinite_preamble
                0x0000000008009b7c       0x14 lbm/lbm_lib/./build/basic_modem.a(ral_sx126x.o)
                0x0000000008009b7c                ral_sx126x_set_tx_infinite_preamble
 .text.ral_sx126x_cal_img
                0x0000000008009b90        0x8 lbm/lbm_lib/./build/basic_modem.a(ral_sx126x.o)
                0x0000000008009b90                ral_sx126x_cal_img
 .text.ral_sx126x_set_tx_cfg
                0x0000000008009b98       0x82 lbm/lbm_lib/./build/basic_modem.a(ral_sx126x.o)
                0x0000000008009b98                ral_sx126x_set_tx_cfg
 .text.ral_sx126x_set_pkt_payload
                0x0000000008009c1a       0x22 lbm/lbm_lib/./build/basic_modem.a(ral_sx126x.o)
                0x0000000008009c1a                ral_sx126x_set_pkt_payload
 .text.ral_sx126x_get_pkt_payload
                0x0000000008009c3c       0x34 lbm/lbm_lib/./build/basic_modem.a(ral_sx126x.o)
                0x0000000008009c3c                ral_sx126x_get_pkt_payload
 .text.ral_sx126x_set_rf_freq
                0x0000000008009c70        0x8 lbm/lbm_lib/./build/basic_modem.a(ral_sx126x.o)
                0x0000000008009c70                ral_sx126x_set_rf_freq
 .text.ral_sx126x_set_pkt_type
                0x0000000008009c78       0x16 lbm/lbm_lib/./build/basic_modem.a(ral_sx126x.o)
                0x0000000008009c78                ral_sx126x_set_pkt_type
 .text.ral_sx126x_get_pkt_type
                0x0000000008009c8e       0x28 lbm/lbm_lib/./build/basic_modem.a(ral_sx126x.o)
                0x0000000008009c8e                ral_sx126x_get_pkt_type
 .text.ral_sx126x_set_lora_symb_nb_timeout
                0x0000000008009cb6       0x14 lbm/lbm_lib/./build/basic_modem.a(ral_sx126x.o)
                0x0000000008009cb6                ral_sx126x_set_lora_symb_nb_timeout
 .text.ral_sx126x_set_flrc_mod_params
                0x0000000008009cca        0x4 lbm/lbm_lib/./build/basic_modem.a(ral_sx126x.o)
                0x0000000008009cca                ral_sx126x_set_flrc_mod_params
 .text.ral_sx126x_set_flrc_pkt_params
                0x0000000008009cce        0x4 lbm/lbm_lib/./build/basic_modem.a(ral_sx126x.o)
                0x0000000008009cce                ral_sx126x_set_flrc_pkt_params
 .text.ral_sx126x_get_gfsk_rx_pkt_status
                0x0000000008009cd2       0x64 lbm/lbm_lib/./build/basic_modem.a(ral_sx126x.o)
                0x0000000008009cd2                ral_sx126x_get_gfsk_rx_pkt_status
 .text.ral_sx126x_get_lora_rx_pkt_status
                0x0000000008009d36       0x24 lbm/lbm_lib/./build/basic_modem.a(ral_sx126x.o)
                0x0000000008009d36                ral_sx126x_get_lora_rx_pkt_status
 .text.ral_sx126x_get_flrc_rx_pkt_status
                0x0000000008009d5a        0x4 lbm/lbm_lib/./build/basic_modem.a(ral_sx126x.o)
                0x0000000008009d5a                ral_sx126x_get_flrc_rx_pkt_status
 .text.ral_sx126x_get_rssi_inst
                0x0000000008009d5e        0x8 lbm/lbm_lib/./build/basic_modem.a(ral_sx126x.o)
                0x0000000008009d5e                ral_sx126x_get_rssi_inst
 .text.ral_sx126x_get_flrc_time_on_air_in_ms
                0x0000000008009d66        0x4 lbm/lbm_lib/./build/basic_modem.a(ral_sx126x.o)
                0x0000000008009d66                ral_sx126x_get_flrc_time_on_air_in_ms
 .text.ral_sx126x_set_gfsk_sync_word
                0x0000000008009d6a        0x8 lbm/lbm_lib/./build/basic_modem.a(ral_sx126x.o)
                0x0000000008009d6a                ral_sx126x_set_gfsk_sync_word
 .text.ral_sx126x_set_lora_sync_word
                0x0000000008009d72        0x8 lbm/lbm_lib/./build/basic_modem.a(ral_sx126x.o)
                0x0000000008009d72                ral_sx126x_set_lora_sync_word
 .text.ral_sx126x_set_flrc_sync_word
                0x0000000008009d7a        0x4 lbm/lbm_lib/./build/basic_modem.a(ral_sx126x.o)
                0x0000000008009d7a                ral_sx126x_set_flrc_sync_word
 .text.ral_sx126x_set_gfsk_crc_params
                0x0000000008009d7e       0x18 lbm/lbm_lib/./build/basic_modem.a(ral_sx126x.o)
                0x0000000008009d7e                ral_sx126x_set_gfsk_crc_params