extensions/common/smtc_modem_hal/smtc_modem_hal.c:137:6:smtc_modem_hal_reset_mcu	8	static
extensions/common/smtc_modem_hal/smtc_modem_hal.c:143:6:smtc_modem_hal_reload_wdog	8	static
extensions/common/smtc_modem_hal/smtc_modem_hal.c:149:10:smtc_modem_hal_get_time_in_s	8	static
extensions/common/smtc_modem_hal/smtc_modem_hal.c:153:10:smtc_modem_hal_get_time_in_ms	8	static
extensions/common/smtc_modem_hal/smtc_modem_hal.c:157:6:smtc_modem_hal_set_offset_to_test_wrapping	8	static
extensions/common/smtc_modem_hal/smtc_modem_hal.c:162:6:smtc_modem_hal_start_timer	16	static
extensions/common/smtc_modem_hal/smtc_modem_hal.c:167:6:smtc_modem_hal_stop_timer	8	static
extensions/common/smtc_modem_hal/smtc_modem_hal.c:173:6:smtc_modem_hal_disable_modem_irq	8	static
extensions/common/smtc_modem_hal/smtc_modem_hal.c:181:6:smtc_modem_hal_enable_modem_irq	8	static
extensions/common/smtc_modem_hal/smtc_modem_hal.c:191:6:smtc_modem_hal_context_restore	8	static
extensions/common/smtc_modem_hal/smtc_modem_hal.c:254:6:smtc_modem_hal_context_store	8	static
extensions/common/smtc_modem_hal/smtc_modem_hal.c:333:6:smtc_modem_hal_context_flash_pages_erase	272	static
extensions/common/smtc_modem_hal/smtc_modem_hal.c:363:6:smtc_modem_hal_crashlog_store	8	static
extensions/common/smtc_modem_hal/smtc_modem_hal.c:369:6:smtc_modem_hal_crashlog_restore	8	static
extensions/common/smtc_modem_hal/smtc_modem_hal.c:374:6:smtc_modem_hal_crashlog_set_status	0	static
extensions/common/smtc_modem_hal/smtc_modem_hal.c:378:6:smtc_modem_hal_crashlog_get_status	0	static
extensions/common/smtc_modem_hal/smtc_modem_hal.c:384:6:smtc_modem_hal_on_panic	296	static
extensions/common/smtc_modem_hal/smtc_modem_hal.c:401:10:smtc_modem_hal_get_random_nb_in_range	8	static
extensions/common/smtc_modem_hal/smtc_modem_hal.c:407:6:smtc_modem_hal_irq_config_radio_irq	8	static
extensions/common/smtc_modem_hal/smtc_modem_hal.c:421:6:smtc_modem_hal_radio_irq_clear_pending	8	static
extensions/common/smtc_modem_hal/smtc_modem_hal.c:431:6:smtc_modem_hal_start_radio_tcxo	0	static
extensions/common/smtc_modem_hal/smtc_modem_hal.c:437:6:smtc_modem_hal_stop_radio_tcxo	0	static
extensions/common/smtc_modem_hal/smtc_modem_hal.c:443:10:smtc_modem_hal_get_radio_tcxo_startup_delay_ms	0	static
extensions/common/smtc_modem_hal/smtc_modem_hal.c:452:6:smtc_modem_hal_set_ant_switch	8	static
extensions/common/smtc_modem_hal/smtc_modem_hal.c:466:9:smtc_modem_hal_get_battery_level	0	static
extensions/common/smtc_modem_hal/smtc_modem_hal.c:475:8:smtc_modem_hal_get_board_delay_ms	0	static
extensions/common/smtc_modem_hal/smtc_modem_hal.c:485:6:smtc_modem_hal_print_trace	16	static
extensions/common/smtc_modem_hal/smtc_modem_hal.c:540:8:smtc_modem_hal_get_temperature	0	static
extensions/common/smtc_modem_hal/smtc_modem_hal.c:545:10:smtc_modem_hal_get_voltage_mv	0	static
extensions/common/smtc_modem_hal/smtc_modem_hal.c:570:6:smtc_modem_hal_user_lbm_irq	0	static
