bsp_l0/mcu_drivers/STM32L0xx_HAL_Driver/Src/stm32l0xx_ll_rtc.c:241:6:LL_RTC_StructInit	0	static
bsp_l0/mcu_drivers/STM32L0xx_HAL_Driver/Src/stm32l0xx_ll_rtc.c:343:6:LL_RTC_TIME_StructInit	0	static
bsp_l0/mcu_drivers/STM32L0xx_HAL_Driver/Src/stm32l0xx_ll_rtc.c:431:6:LL_RTC_DATE_StructInit	0	static
bsp_l0/mcu_drivers/STM32L0xx_HAL_Driver/Src/stm32l0xx_ll_rtc.c:454:13:LL_RTC_ALMA_Init	40	static
bsp_l0/mcu_drivers/STM32L0xx_HAL_Driver/Src/stm32l0xx_ll_rtc.c:572:13:LL_RTC_ALMB_Init	40	static
bsp_l0/mcu_drivers/STM32L0xx_HAL_Driver/Src/stm32l0xx_ll_rtc.c:682:6:LL_RTC_ALMA_StructInit	0	static
bsp_l0/mcu_drivers/STM32L0xx_HAL_Driver/Src/stm32l0xx_ll_rtc.c:704:6:LL_RTC_ALMB_StructInit	8	static
bsp_l0/mcu_drivers/STM32L0xx_HAL_Driver/Src/stm32l0xx_ll_rtc.c:729:13:LL_RTC_EnterInitMode	24	static
bsp_l0/mcu_drivers/STM32L0xx_HAL_Driver/Src/stm32l0xx_ll_rtc.c:202:13:LL_RTC_Init	16	static
bsp_l0/mcu_drivers/STM32L0xx_HAL_Driver/Src/stm32l0xx_ll_rtc.c:773:13:LL_RTC_ExitInitMode	0	static
bsp_l0/mcu_drivers/STM32L0xx_HAL_Driver/Src/stm32l0xx_ll_rtc.c:800:13:LL_RTC_WaitForSynchro	24	static
bsp_l0/mcu_drivers/STM32L0xx_HAL_Driver/Src/stm32l0xx_ll_rtc.c:138:13:LL_RTC_DeInit	8	static
bsp_l0/mcu_drivers/STM32L0xx_HAL_Driver/Src/stm32l0xx_ll_rtc.c:261:13:LL_RTC_TIME_Init	40	static
bsp_l0/mcu_drivers/STM32L0xx_HAL_Driver/Src/stm32l0xx_ll_rtc.c:364:13:LL_RTC_DATE_Init	40	static
