smtc_modem_core/lorawan_manager/lorawan_send_management.c:222:13:lorawan_send_management_service_on_update	16	static
smtc_modem_core/lorawan_manager/lorawan_send_management.c:193:13:lorawan_send_management_service_on_launch	56	static
smtc_modem_core/lorawan_manager/lorawan_send_management.c:252:16:lorawan_send_management_service_downlink_handler	0	static
smtc_modem_core/lorawan_manager/lorawan_send_management.c:135:6:lorawan_send_management_services_init	8	static
smtc_modem_core/lorawan_manager/lorawan_send_management.c:146:6:lorawan_send_add_task	56	static
smtc_modem_core/lorawan_manager/lorawan_send_management.c:182:6:lorawan_send_remove_task	8	static
