smtc_modem_core/lorawan_api/lorawan_api.c:102:6:lorawan_api_init	32	static
smtc_modem_core/lorawan_api/lorawan_api.c:137:26:lorawan_api_get_region	8	static
smtc_modem_core/lorawan_api/lorawan_api.c:143:18:lorawan_api_set_region	32	static
smtc_modem_core/lorawan_api/lorawan_api.c:192:18:lorawan_api_payload_send	48	static
smtc_modem_core/lorawan_api/lorawan_api.c:200:18:lorawan_api_payload_send_at_time	48	static
smtc_modem_core/lorawan_api/lorawan_api.c:209:18:lorawan_api_send_stack_cid_req	24	static
smtc_modem_core/lorawan_api/lorawan_api.c:216:18:lorawan_api_join	16	static
smtc_modem_core/lorawan_api/lorawan_api.c:222:15:lorawan_api_isjoined	8	static
smtc_modem_core/lorawan_api/lorawan_api.c:228:6:lorawan_api_join_status_clear	8	static
smtc_modem_core/lorawan_api/lorawan_api.c:234:18:lorawan_api_dr_strategy_set	16	static
smtc_modem_core/lorawan_api/lorawan_api.c:240:15:lorawan_api_dr_strategy_get	8	static
smtc_modem_core/lorawan_api/lorawan_api.c:246:6:lorawan_api_dr_custom_set	16	static
smtc_modem_core/lorawan_api/lorawan_api.c:252:6:lorawan_api_dr_custom_get	16	static
smtc_modem_core/lorawan_api/lorawan_api.c:258:6:lorawan_api_dr_join_distribution_set	16	static
smtc_modem_core/lorawan_api/lorawan_api.c:264:17:lorawan_api_process	8	static
smtc_modem_core/lorawan_api/lorawan_api.c:270:6:lorawan_api_context_load	8	static
smtc_modem_core/lorawan_api/lorawan_api.c:276:6:lorawan_api_factory_reset	8	static
smtc_modem_core/lorawan_api/lorawan_api.c:282:26:lorawan_api_get_activation_mode	8	static
smtc_modem_core/lorawan_api/lorawan_api.c:288:6:lorawan_api_set_activation_mode	16	static
smtc_modem_core/lorawan_api/lorawan_api.c:294:10:lorawan_api_next_max_payload_length_get	8	static
smtc_modem_core/lorawan_api/lorawan_api.c:300:10:lorawan_api_devaddr_get	8	static
smtc_modem_core/lorawan_api/lorawan_api.c:306:18:lorawan_api_devaddr_set	16	static
smtc_modem_core/lorawan_api/lorawan_api.c:312:18:lorawan_api_get_deveui	16	static
smtc_modem_core/lorawan_api/lorawan_api.c:324:18:lorawan_api_set_deveui	16	static
smtc_modem_core/lorawan_api/lorawan_api.c:336:18:lorawan_api_get_joineui	16	static
smtc_modem_core/lorawan_api/lorawan_api.c:347:18:lorawan_api_set_joineui	16	static
smtc_modem_core/lorawan_api/lorawan_api.c:358:18:lorawan_api_set_appkey	16	static
smtc_modem_core/lorawan_api/lorawan_api.c:369:18:lorawan_api_set_nwkkey	16	static
smtc_modem_core/lorawan_api/lorawan_api.c:380:9:lorawan_api_next_power_get	8	static
smtc_modem_core/lorawan_api/lorawan_api.c:386:9:lorawan_api_next_dr_get	8	static
smtc_modem_core/lorawan_api/lorawan_api.c:392:19:lorawan_api_get_modulation_type_from_datarate	16	static
smtc_modem_core/lorawan_api/lorawan_api.c:398:10:lorawan_api_next_frequency_get	8	static
smtc_modem_core/lorawan_api/lorawan_api.c:404:9:lorawan_api_max_tx_dr_get	8	static
smtc_modem_core/lorawan_api/lorawan_api.c:410:10:lorawan_api_mask_tx_dr_channel_up_dwell_time_check	8	static
smtc_modem_core/lorawan_api/lorawan_api.c:416:9:lorawan_api_min_tx_dr_get	8	static
smtc_modem_core/lorawan_api/lorawan_api.c:422:17:lorawan_api_state_get	8	static
smtc_modem_core/lorawan_api/lorawan_api.c:428:10:lorawan_api_devnonce_get	8	static
smtc_modem_core/lorawan_api/lorawan_api.c:434:10:lorawan_api_next_join_time_second_get	8	static
smtc_modem_core/lorawan_api/lorawan_api.c:440:6:lorawan_api_is_dtc_supported	8	static
smtc_modem_core/lorawan_api/lorawan_api.c:446:10:lorawan_api_next_network_free_duty_cycle_ms_get	8	static
smtc_modem_core/lorawan_api/lorawan_api.c:452:10:lorawan_api_fcnt_up_get	8	static
smtc_modem_core/lorawan_api/lorawan_api.c:489:24:lorawan_api_multicast_set_group_session_keys	0	static
smtc_modem_core/lorawan_api/lorawan_api.c:502:24:lorawan_api_multicast_set_group_address	8	static
smtc_modem_core/lorawan_api/lorawan_api.c:514:24:lorawan_api_multicast_get_group_address	8	static
smtc_modem_core/lorawan_api/lorawan_api.c:526:24:lorawan_api_multicast_set_fcnt_down_range	8	static
smtc_modem_core/lorawan_api/lorawan_api.c:538:24:lorawan_api_multicast_get_fcnt_down_range	8	static
smtc_modem_core/lorawan_api/lorawan_api.c:550:24:lorawan_api_multicast_derive_group_keys	8	static
smtc_modem_core/lorawan_api/lorawan_api.c:563:24:lorawan_api_multicast_get_running_status	8	static
smtc_modem_core/lorawan_api/lorawan_api.c:575:24:lorawan_api_multicast_c_get_session_status	8	static
smtc_modem_core/lorawan_api/lorawan_api.c:587:24:lorawan_api_multicast_c_start_session	8	static
smtc_modem_core/lorawan_api/lorawan_api.c:600:24:lorawan_api_multicast_c_stop_session	8	static
smtc_modem_core/lorawan_api/lorawan_api.c:611:24:lorawan_api_multicast_c_stop_all_sessions	8	static
smtc_modem_core/lorawan_api/lorawan_api.c:621:24:lorawan_api_multicast_b_get_session_status	8	static
smtc_modem_core/lorawan_api/lorawan_api.c:636:24:lorawan_api_multicast_b_start_session	8	static
smtc_modem_core/lorawan_api/lorawan_api.c:648:24:lorawan_api_multicast_b_stop_session	8	static
smtc_modem_core/lorawan_api/lorawan_api.c:658:24:lorawan_api_multicast_b_stop_all_sessions	8	static
smtc_modem_core/lorawan_api/lorawan_api.c:668:6:lorawan_api_set_no_rx_packet_threshold	16	static
smtc_modem_core/lorawan_api/lorawan_api.c:674:10:lorawan_api_get_no_rx_packet_threshold	8	static
smtc_modem_core/lorawan_api/lorawan_api.c:680:10:lorawan_api_get_current_adr_ack_cnt	8	static
smtc_modem_core/lorawan_api/lorawan_api.c:686:6:lorawan_api_reset_no_rx_packet_in_mobile_mode_cnt	8	static
smtc_modem_core/lorawan_api/lorawan_api.c:692:10:lorawan_api_get_current_no_rx_packet_in_mobile_mode_cnt	8	static
smtc_modem_core/lorawan_api/lorawan_api.c:698:10:lorawan_api_get_current_no_rx_packet_cnt	8	static
smtc_modem_core/lorawan_api/lorawan_api.c:704:10:lorawan_api_get_current_no_rx_packet_cnt_since_s	8	static
smtc_modem_core/lorawan_api/lorawan_api.c:710:6:lorawan_api_join_duty_cycle_backoff_bypass_get	8	static
smtc_modem_core/lorawan_api/lorawan_api.c:715:6:lorawan_api_join_duty_cycle_backoff_bypass_set	8	static
smtc_modem_core/lorawan_api/lorawan_api.c:720:6:lorawan_api_modem_certification_set	16	static
smtc_modem_core/lorawan_api/lorawan_api.c:726:9:lorawan_api_modem_certification_is_enabled	8	static
smtc_modem_core/lorawan_api/lorawan_api.c:738:6:lorawan_api_available_link_adr_get	8	static
smtc_modem_core/lorawan_api/lorawan_api.c:743:18:lorawan_api_stack_mac_get	8	static
smtc_modem_core/lorawan_api/lorawan_api.c:749:6:lorawan_api_set_network_type	24	static
smtc_modem_core/lorawan_api/lorawan_api.c:757:6:lorawan_api_get_network_type	16	static
smtc_modem_core/lorawan_api/lorawan_api.c:764:9:lorawan_api_nb_trans_get	8	static
smtc_modem_core/lorawan_api/lorawan_api.c:770:18:lorawan_api_nb_trans_set	16	static
smtc_modem_core/lorawan_api/lorawan_api.c:776:10:lorawan_api_get_crystal_error	8	static
smtc_modem_core/lorawan_api/lorawan_api.c:782:6:lorawan_api_set_crystal_error	16	static
smtc_modem_core/lorawan_api/lorawan_api.c:788:18:lorawan_api_get_spec_version	16	static
smtc_modem_core/lorawan_api/lorawan_api.c:794:18:lorawan_api_get_regional_parameters_version	16	static
smtc_modem_core/lorawan_api/lorawan_api.c:800:6:lorawan_api_convert_rtc_to_gps_epoch_time	24	static
smtc_modem_core/lorawan_api/lorawan_api.c:808:6:lorawan_api_is_time_valid	8	static
smtc_modem_core/lorawan_api/lorawan_api.c:814:10:lorawan_api_get_timestamp_last_device_time_ans_s	8	static
smtc_modem_core/lorawan_api/lorawan_api.c:820:10:lorawan_api_get_time_left_connection_lost	8	static
smtc_modem_core/lorawan_api/lorawan_api.c:826:18:lorawan_api_set_device_time_invalid_delay_s	16	static
smtc_modem_core/lorawan_api/lorawan_api.c:832:10:lorawan_api_get_device_time_invalid_delay_s	8	static
smtc_modem_core/lorawan_api/lorawan_api.c:838:18:lorawan_api_get_link_check_ans	16	static
smtc_modem_core/lorawan_api/lorawan_api.c:844:18:lorawan_api_get_device_time_req_status	8	static
smtc_modem_core/lorawan_api/lorawan_api.c:885:18:lorawan_api_get_ping_slot_info_req_status	8	static
smtc_modem_core/lorawan_api/lorawan_api.c:891:18:lorawan_api_set_ping_slot_periodicity	16	static
smtc_modem_core/lorawan_api/lorawan_api.c:897:9:lorawan_api_get_ping_slot_periodicity	8	static
smtc_modem_core/lorawan_api/lorawan_api.c:903:6:lorawan_api_get_class_b_status	8	static
smtc_modem_core/lorawan_api/lorawan_api.c:909:6:lorawan_api_lora_dr_to_sf_bw	24	static
smtc_modem_core/lorawan_api/lorawan_api.c:915:9:lorawan_api_get_frequency_factor	8	static
smtc_modem_core/lorawan_api/lorawan_api.c:921:18:lorawan_api_set_adr_ack_limit_delay	16	static
smtc_modem_core/lorawan_api/lorawan_api.c:927:6:lorawan_api_get_adr_ack_limit_delay	16	static
smtc_modem_core/lorawan_api/lorawan_api.c:933:6:lorawan_api_get_current_enabled_frequencies_list	8	static
smtc_modem_core/lorawan_api/lorawan_api.c:939:6:lorawan_api_tx_ack_bit_set	8	static
smtc_modem_core/lorawan_api/lorawan_api.c:943:6:lorawan_api_tx_ack_bit_get	8	static
smtc_modem_core/lorawan_api/lorawan_api.c:948:6:lorawan_api_set_no_rx_windows	8	static
smtc_modem_core/lorawan_api/lorawan_api.c:953:9:lorawan_api_get_no_rx_windows	8	static
smtc_modem_core/lorawan_api/lorawan_api.c:958:18:lorawan_api_is_frequency_valid	8	static
smtc_modem_core/lorawan_api/lorawan_api.c:963:18:lorawan_api_is_datarate_valid	8	static
smtc_modem_core/lorawan_api/lorawan_api.c:967:6:lorawan_api_core_abort	8	static
smtc_modem_core/lorawan_api/lorawan_api.c:971:18:lorawan_api_update_join_channel	8	static
smtc_modem_core/lorawan_api/lorawan_api.c:975:18:lorawan_api_update_next_tx_channel	8	static
smtc_modem_core/lorawan_api/lorawan_api.c:979:10:lorawan_api_get_time_of_nwk_ans	8	static
smtc_modem_core/lorawan_api/lorawan_api.c:983:6:lorawan_api_set_time_of_nwk_ans	8	static
smtc_modem_core/lorawan_api/lorawan_api.c:987:6:lorawan_api_set_next_tx_at_time	8	static
smtc_modem_core/lorawan_api/lorawan_api.c:991:6:lorawan_api_set_join_status	8	static
