smtc_modem_core/lorawan_manager/lorawan_cid_request_management.c:226:16:lorawan_cid_request_management_downlink_handler	0	static
smtc_modem_core/lorawan_manager/lorawan_cid_request_management.c:190:13:lorawan_cid_request_management_on_update	24	static
smtc_modem_core/lorawan_manager/lorawan_cid_request_management.c:163:13:lorawan_cid_request_management_on_launch	40	static
smtc_modem_core/lorawan_manager/lorawan_cid_request_management.c:120:6:lorawan_cid_request_management_init	8	static
smtc_modem_core/lorawan_manager/lorawan_cid_request_management.c:131:25:lorawan_cid_request_add_task	40	static
smtc_modem_core/lorawan_manager/lorawan_cid_request_management.c:152:6:lorawan_cid_request_remove_task	8	static
