smtc_modem_core/smtc_ral/src/ral_defs.h:451:23:ral_compute_lora_ldro	4	static
smtc_modem_core/smtc_ral/src/ral.h:402:28:ral_set_dio_irq_params	8	static
smtc_modem_core/lr1mac/src/lr1_stack_mac_layer.c:246:6:lr1_stack_mac_tx_lora_launch_callback_for_rp	16	static
smtc_modem_core/lr1mac/src/lr1_stack_mac_layer.c:317:6:lr1_stack_mac_rx_lora_launch_callback_for_rp	24	static
smtc_modem_core/lr1mac/src/lr1_stack_mac_layer.c:338:6:lr1_stack_mac_rx_gfsk_launch_callback_for_rp	24	static
smtc_modem_core/lr1mac/src/lr1_stack_mac_layer.c:287:6:lr1_stack_mac_tx_lr_fhss_launch_callback_for_rp	40	static
smtc_modem_core/lr1mac/src/lr1_stack_mac_layer.c:267:6:lr1_stack_mac_tx_gfsk_launch_callback_for_rp	16	static
smtc_modem_core/lr1mac/src/lr1_stack_mac_layer.c:142:6:lr1_stack_mac_session_init	16	static
smtc_modem_core/lr1mac/src/lr1_stack_mac_layer.c:116:6:lr1_stack_mac_init	8	static
smtc_modem_core/lr1mac/src/lr1_stack_mac_layer.c:170:6:lr1_stack_mac_region_init	8	static
smtc_modem_core/lr1mac/src/lr1_stack_mac_layer.c:176:6:lr1_stack_mac_region_config	8	static
smtc_modem_core/lr1mac/src/lr1_stack_mac_layer.c:202:6:lr1_stack_mac_tx_frame_build	20	static
smtc_modem_core/lr1mac/src/lr1_stack_mac_layer.c:220:6:lr1_stack_mac_tx_frame_encrypt	32	static
smtc_modem_core/lr1mac/src/lr1_stack_mac_layer.c:359:6:lr1_stack_mac_tx_radio_start	264	static
smtc_modem_core/lr1mac/src/lr1_stack_mac_layer.c:511:6:lr1_stack_mac_rx_radio_start	232	static
smtc_modem_core/lr1mac/src/lr1_stack_mac_layer.c:651:6:lr1_stack_mac_rp_callback	32	static
smtc_modem_core/lr1mac/src/lr1_stack_mac_layer.c:772:6:lr1_stack_mac_rx_timer_configure	56	static
smtc_modem_core/lr1mac/src/lr1_stack_mac_layer.c:1087:6:lr1_stack_mac_update_tx_done	8	static
smtc_modem_core/lr1mac/src/lr1_stack_mac_layer.c:1262:18:lr1_stack_mac_cmd_parse	48	static
smtc_modem_core/lr1mac/src/lr1_stack_mac_layer.c:1365:6:lr1_stack_mac_join_request_build	48	static
smtc_modem_core/lr1mac/src/lr1_stack_mac_layer.c:1408:18:lr1_stack_mac_join_accept	16	static
smtc_modem_core/lr1mac/src/lr1_stack_mac_layer.c:1490:10:lr1_stack_network_next_free_duty_cycle_ms_get	16	static
smtc_modem_core/lr1mac/src/lr1_stack_mac_layer.c:1520:10:lr1_stack_toa_get	80	static
smtc_modem_core/lr1mac/src/lr1_stack_mac_layer.c:1119:6:lr1_stack_mac_update	32	static
smtc_modem_core/lr1mac/src/lr1_stack_mac_layer.c:1604:9:lr1_stack_nb_trans_get	0	static
smtc_modem_core/lr1mac/src/lr1_stack_mac_layer.c:1609:18:lr1_stack_nb_trans_set	0	static
smtc_modem_core/lr1mac/src/lr1_stack_mac_layer.c:1625:10:lr1_stack_get_crystal_error	0	static
smtc_modem_core/lr1mac/src/lr1_stack_mac_layer.c:1630:6:lr1_stack_set_crystal_error	0	static
smtc_modem_core/lr1mac/src/lr1_stack_mac_layer.c:1634:6:lr1_stack_mac_tx_ack_bit_set	0	static
smtc_modem_core/lr1mac/src/lr1_stack_mac_layer.c:1638:6:lr1_stack_mac_tx_ack_bit_get	0	static
smtc_modem_core/lr1mac/src/lr1_stack_mac_layer.c:2311:18:lr1mac_rx_payload_max_size_check	8	static
smtc_modem_core/lr1mac/src/lr1_stack_mac_layer.c:872:18:lr1_stack_mac_rx_frame_decode	72	static
