smtc_modem_core/lr1mac/src/lr1mac_core.c:472:18:lr1mac_core_join	24	static
smtc_modem_core/lr1mac/src/lr1mac_core.c:528:15:lr1_mac_joined_status_get	0	static
smtc_modem_core/lr1mac/src/lr1mac_core.c:622:18:lr1mac_core_payload_send	48	static
smtc_modem_core/lr1mac/src/lr1mac_core.c:547:18:lr1mac_core_send_stack_cid_req	296	static
smtc_modem_core/lr1mac/src/lr1mac_core.c:607:18:lr1mac_core_payload_send_at_time	32	static
smtc_modem_core/lr1mac/src/lr1mac_core.c:705:18:lr1mac_core_dr_strategy_set	48	static
smtc_modem_core/lr1mac/src/lr1mac_core.c:737:15:lr1mac_core_dr_strategy_get	0	static
smtc_modem_core/lr1mac/src/lr1mac_core.c:745:10:lr1mac_core_devaddr_get	0	static
smtc_modem_core/lr1mac/src/lr1mac_core.c:750:18:lr1mac_core_devaddr_set	0	static
smtc_modem_core/lr1mac/src/lr1mac_core.c:763:9:lr1mac_core_next_power_get	0	static
smtc_modem_core/lr1mac/src/lr1mac_core.c:771:17:lr1mac_core_state_get	0	static
smtc_modem_core/lr1mac/src/lr1mac_core.c:779:6:lr1mac_core_context_save	96	static
smtc_modem_core/lr1mac/src/lr1mac_core.c:1251:13:lr1mac_mac_update	24	static
smtc_modem_core/lr1mac/src/lr1mac_core.c:181:17:lr1mac_core_process	40	static
smtc_modem_core/lr1mac/src/lr1mac_core.c:808:18:lr1mac_core_context_load	64	static
smtc_modem_core/lr1mac/src/lr1mac_core.c:830:6:lr1mac_core_context_factory_reset	88	static
smtc_modem_core/lr1mac/src/lr1mac_core.c:102:6:lr1mac_core_init	24	static
smtc_modem_core/lr1mac/src/lr1mac_core.c:849:10:lr1mac_core_next_max_payload_length_get	8	static
smtc_modem_core/lr1mac/src/lr1mac_core.c:858:9:lr1mac_core_next_dr_get	0	static
smtc_modem_core/lr1mac/src/lr1mac_core.c:863:10:lr1mac_core_next_frequency_get	0	static
smtc_modem_core/lr1mac/src/lr1mac_core.c:868:26:lr1mac_core_get_activation_mode	0	static
smtc_modem_core/lr1mac/src/lr1mac_core.c:873:6:lr1mac_core_set_activation_mode	0	static
smtc_modem_core/lr1mac/src/lr1mac_core.c:878:10:lr1mac_core_devnonce_get	0	static
smtc_modem_core/lr1mac/src/lr1mac_core.c:883:10:lr1mac_core_fcnt_up_get	0	static
smtc_modem_core/lr1mac/src/lr1mac_core.c:888:10:lr1mac_core_next_join_time_second_get	0	static
smtc_modem_core/lr1mac/src/lr1mac_core.c:893:26:lr1mac_core_get_region	0	static
smtc_modem_core/lr1mac/src/lr1mac_core.c:898:18:lr1mac_core_set_region	16	static
smtc_modem_core/lr1mac/src/lr1mac_core.c:913:6:lr1mac_core_set_no_rx_packet_threshold	0	static
smtc_modem_core/lr1mac/src/lr1mac_core.c:918:10:lr1mac_core_get_no_rx_packet_threshold	0	static
smtc_modem_core/lr1mac/src/lr1mac_core.c:923:10:lr1mac_core_get_current_adr_ack_cnt	0	static
smtc_modem_core/lr1mac/src/lr1mac_core.c:928:10:lr1mac_core_get_current_no_rx_packet_in_mobile_mode	0	static
smtc_modem_core/lr1mac/src/lr1mac_core.c:933:6:lr1mac_core_reset_no_rx_packet_in_mobile_mode_cnt	0	static
smtc_modem_core/lr1mac/src/lr1mac_core.c:938:10:lr1mac_core_get_current_no_rx_packet_cnt	0	static
smtc_modem_core/lr1mac/src/lr1mac_core.c:943:10:lr1mac_core_get_current_no_rx_packet_cnt_since_s	8	static
smtc_modem_core/lr1mac/src/lr1mac_core.c:948:6:lr1mac_core_available_link_adr_get	0	static
smtc_modem_core/lr1mac/src/lr1mac_core.c:959:6:lr1mac_core_join_duty_cycle_backoff_bypass_get	0	static
smtc_modem_core/lr1mac/src/lr1mac_core.c:964:6:lr1mac_core_join_duty_cycle_backoff_bypass_set	0	static
smtc_modem_core/lr1mac/src/lr1mac_core.c:969:6:lr1mac_core_certification_set	8	static
smtc_modem_core/lr1mac/src/lr1mac_core.c:976:9:lr1mac_core_certification_get	0	static
smtc_modem_core/lr1mac/src/lr1mac_core.c:981:18:lr1mac_core_get_lorawan_version	8	static
smtc_modem_core/lr1mac/src/lr1mac_core.c:1015:6:lr1mac_core_is_time_valid	8	static
smtc_modem_core/lr1mac/src/lr1mac_core.c:990:6:lr1mac_core_convert_rtc_to_gps_epoch_time	24	static
smtc_modem_core/lr1mac/src/lr1mac_core.c:1028:10:lr1mac_core_get_timestamp_last_device_time_ans_s	0	static
smtc_modem_core/lr1mac/src/lr1mac_core.c:1033:10:lr1mac_core_get_time_left_connection_lost	8	static
smtc_modem_core/lr1mac/src/lr1mac_core.c:1056:18:lr1_mac_core_set_device_time_invalid_delay_s	0	static
smtc_modem_core/lr1mac/src/lr1mac_core.c:1066:10:lr1_mac_core_get_device_time_invalid_delay_s	0	static
smtc_modem_core/lr1mac/src/lr1mac_core.c:1071:18:lr1mac_core_set_ping_slot_periodicity	8	static
smtc_modem_core/lr1mac/src/lr1mac_core.c:1090:9:lr1mac_core_get_ping_slot_periodicity	0	static
smtc_modem_core/lr1mac/src/lr1mac_core.c:1095:6:lr1mac_core_get_class_b_status	0	static
smtc_modem_core/lr1mac/src/lr1mac_core.c:1100:18:lr1_mac_core_get_link_check_ans	0	static
smtc_modem_core/lr1mac/src/lr1mac_core.c:1119:18:lr1_mac_core_get_device_time_req_status	0	static
smtc_modem_core/lr1mac/src/lr1mac_core.c:1128:18:lr1_mac_core_get_ping_slot_info_req_status	0	static
smtc_modem_core/lr1mac/src/lr1mac_core.c:1137:18:lr1mac_core_set_adr_ack_limit_delay	0	static
smtc_modem_core/lr1mac/src/lr1mac_core.c:1152:6:lr1mac_core_get_adr_ack_limit_delay	0	static
smtc_modem_core/lr1mac/src/lr1mac_core.c:1158:6:lr1mac_core_set_no_rx_windows	0	static
smtc_modem_core/lr1mac/src/lr1mac_core.c:1163:9:lr1mac_core_get_no_rx_windows	0	static
smtc_modem_core/lr1mac/src/lr1mac_core.c:1167:18:lr1mac_core_update_join_channel	24	static
smtc_modem_core/lr1mac/src/lr1mac_core.c:1197:18:lr1mac_core_update_next_tx_channel	16	static
smtc_modem_core/lr1mac/src/lr1mac_core.c:1206:10:lr1mac_core_get_time_of_nwk_ans	0	static
smtc_modem_core/lr1mac/src/lr1mac_core.c:1210:6:lr1mac_core_set_time_of_nwk_ans	0	static
smtc_modem_core/lr1mac/src/lr1mac_core.c:1215:6:lr1mac_core_set_next_tx_at_time	0	static
smtc_modem_core/lr1mac/src/lr1mac_core.c:1219:6:lr1mac_core_set_join_status	0	static
smtc_modem_core/lr1mac/src/lr1mac_core.c:1240:6:lr1mac_core_abort	16	static
smtc_modem_core/lr1mac/src/lr1mac_core.c:536:6:lr1mac_core_join_status_clear	16	static
