smtc_modem_core/radio_drivers/sx126x_driver/src/lr_fhss_mac.c:628:16:lr_fhss_extract_bit_in_byte_vector	0	static
smtc_modem_core/radio_drivers/sx126x_driver/src/lr_fhss_mac.c:640:13:lr_fhss_set_bit_in_byte_vector	12	static
smtc_modem_core/radio_drivers/sx126x_driver/src/lr_fhss_mac.c:648:17:lr_fhss_convolution_encode_viterbi_1_2_base.constprop.isra	32	static
smtc_modem_core/radio_drivers/sx126x_driver/src/lr_fhss_mac.c:317:14:lr_fhss_get_hop_sequence_count	0	static
smtc_modem_core/radio_drivers/sx126x_driver/src/lr_fhss_mac.c:327:6:lr_fhss_process_parameters	24	static
smtc_modem_core/radio_drivers/sx126x_driver/src/lr_fhss_mac.c:338:18:lr_fhss_get_hop_params	24	static
smtc_modem_core/radio_drivers/sx126x_driver/src/lr_fhss_mac.c:415:10:lr_fhss_get_next_state	8	static
smtc_modem_core/radio_drivers/sx126x_driver/src/lr_fhss_mac.c:437:9:lr_fhss_get_next_freq_in_grid	8	static
smtc_modem_core/radio_drivers/sx126x_driver/src/lr_fhss_mac.c:469:10:lr_fhss_build_frame	712	static
smtc_modem_core/radio_drivers/sx126x_driver/src/lr_fhss_mac.c:578:10:lr_fhss_get_time_on_air_in_ms	16	static
