smtc_modem_core/modem_supervisor/modem_supervisor_light.c:475:13:supervisor_idle_task_on_launch	0	static
smtc_modem_core/modem_supervisor/modem_supervisor_light.c:478:13:supervisor_idle_task_on_update	0	static
smtc_modem_core/modem_supervisor/modem_supervisor_light.c:171:6:modem_supervisor_init_callback	24	static
smtc_modem_core/modem_supervisor/modem_supervisor_light.c:142:6:modem_supervisor_init	8	static
smtc_modem_core/modem_supervisor/modem_supervisor_light.c:213:14:modem_supervisor_remove_task	0	static
smtc_modem_core/modem_supervisor/modem_supervisor_light.c:188:6:modem_supervisor_abort_tasks_in_range	24	static
smtc_modem_core/modem_supervisor/modem_supervisor_light.c:225:14:modem_supervisor_add_task	0	static
smtc_modem_core/modem_supervisor/modem_supervisor_light.c:247:16:modem_supervisor_get_task	0	static
smtc_modem_core/modem_supervisor/modem_supervisor_light.c:255:10:modem_supervisor_engine	48	static
smtc_modem_core/modem_supervisor/modem_supervisor_light.c:315:6:modem_supervisor_get_modem_is_suspended	0	static
smtc_modem_core/modem_supervisor/modem_supervisor_light.c:320:6:modem_supervisor_set_modem_is_suspended	0	static
smtc_modem_core/modem_supervisor/modem_supervisor_light.c:325:17:modem_supervisor_get_modem_mute_with_priority_parameter	0	static
smtc_modem_core/modem_supervisor/modem_supervisor_light.c:330:6:modem_supervisor_set_modem_mute_with_priority_parameter	0	static
