smtc_modem_core/modem_utilities/modem_core.c:260:6:modem_empty_callback	0	static
smtc_modem_core/modem_utilities/modem_core.c:440:6:modem_downlink_callback	56	static
smtc_modem_core/modem_utilities/modem_core.c:223:14:modem_context_get_fifo_obj	0	static
smtc_modem_core/modem_utilities/modem_core.c:228:6:modem_set_test_mode_status	0	static
smtc_modem_core/modem_utilities/modem_core.c:233:6:modem_get_test_mode_status	0	static
smtc_modem_core/modem_utilities/modem_core.c:237:10:modem_get_user_alarm	0	static
smtc_modem_core/modem_utilities/modem_core.c:241:6:modem_set_user_alarm	0	static
smtc_modem_core/modem_utilities/modem_core.c:246:6:modem_set_radio_ctx	0	static
smtc_modem_core/modem_utilities/modem_core.c:251:13:modem_get_radio_ctx	0	static
smtc_modem_core/modem_utilities/modem_core.c:255:18:modem_get_rp	0	static
smtc_modem_core/modem_utilities/modem_core.c:265:6:modem_suspend_radio_access	192	static
smtc_modem_core/modem_utilities/modem_core.c:290:6:modem_resume_radio_access	8	static
smtc_modem_core/modem_utilities/modem_core.c:308:10:crc	16	static
smtc_modem_core/modem_utilities/modem_core.c:323:9:modem_duty_cycle_get_status	88	static
smtc_modem_core/modem_utilities/modem_core.c:356:9:modem_get_status	16	static
smtc_modem_core/modem_utilities/modem_core.c:393:6:modem_store_modem_context	24	static
smtc_modem_core/modem_utilities/modem_core.c:412:6:modem_load_modem_context	32	static
smtc_modem_core/modem_utilities/modem_core.c:144:6:modem_context_init_light	48	static
smtc_modem_core/modem_utilities/modem_core.c:430:10:modem_get_reset_counter	0	static
