smtc_modem_core/modem_supervisor/modem_tx_protocol_manager.c:1155:13:shift_left_tpm_list	0	static
smtc_modem_core/modem_supervisor/modem_tx_protocol_manager.c:1167:13:reset_tpm_list	0	static
smtc_modem_core/modem_supervisor/modem_tx_protocol_manager.c:1208:25:manage_idle_state	0	static
smtc_modem_core/modem_supervisor/modem_tx_protocol_manager.c:1196:13:tpm_abort	8	static
smtc_modem_core/modem_supervisor/modem_tx_protocol_manager.c:667:13:modem_tpm_radio_abort_lbt	8	static
smtc_modem_core/modem_supervisor/modem_tx_protocol_manager.c:441:25:modem_tx_protocol_manager_engine	8	static
smtc_modem_core/modem_supervisor/modem_tx_protocol_manager.c:652:13:modem_tpm_radio_free_lbt	8	static
smtc_modem_core/modem_supervisor/modem_tx_protocol_manager.c:476:25:manage_tx_nwk_lora_state	8	static
smtc_modem_core/modem_supervisor/modem_tx_protocol_manager.c:1079:13:compute_tpm_list	8	static
smtc_modem_core/modem_supervisor/modem_tx_protocol_manager.c:1056:17:update_add_delay_ms	32	static
smtc_modem_core/modem_supervisor/modem_tx_protocol_manager.c:503:25:manage_tx_lora_state	48	static
smtc_modem_core/modem_supervisor/modem_tx_protocol_manager.c:680:25:manage_lbt_state	32	static
smtc_modem_core/modem_supervisor/modem_tx_protocol_manager.c:1023:25:tpm_get_next_channel	8	static
smtc_modem_core/modem_supervisor/modem_tx_protocol_manager.c:595:13:modem_tpm_radio_busy_lbt	8	static
smtc_modem_core/modem_supervisor/modem_tx_protocol_manager.c:235:6:modem_tx_protcol_manager_init	56	static
smtc_modem_core/modem_supervisor/modem_tx_protocol_manager.c:285:10:tx_protocol_manager_is_busy	0	static
smtc_modem_core/modem_supervisor/modem_tx_protocol_manager.c:319:18:tx_protocol_manager_request	48	static
smtc_modem_core/modem_supervisor/modem_tx_protocol_manager.c:375:6:tx_protocol_manager_lr1mac_stand_alone_tx	24	static
smtc_modem_core/modem_supervisor/modem_tx_protocol_manager.c:399:6:tx_protocol_manager_tx_is_aborted	0	static
smtc_modem_core/modem_supervisor/modem_tx_protocol_manager.c:410:6:tx_protocol_manager_abort	8	static
