smtc_modem_core/radio_planner/src/radio_planner.c:871:13:rp_task_launch_current	8	static
smtc_modem_core/radio_planner/src/radio_planner.c:1217:13:rp_timer_irq_callback	8	static
smtc_modem_core/radio_planner/src/radio_planner.c:1224:13:rp_hook_callback	8	static
smtc_modem_core/radio_planner/src/radio_planner.c:1074:13:rp_task_call_aborted	32	static
smtc_modem_core/radio_planner/src/radio_planner.c:854:13:rp_task_compute_ranking	24	static
smtc_modem_core/radio_planner/src/radio_planner.c:1143:13:rp_consumption_statistics_updated	56	static
smtc_modem_core/radio_planner/src/radio_planner.c:617:13:rp_task_arbiter.constprop	64	static
smtc_modem_core/radio_planner/src/radio_planner.c:209:6:rp_init	24	static
smtc_modem_core/radio_planner/src/radio_planner.c:234:18:rp_attach_new_radio	8	static
smtc_modem_core/radio_planner/src/radio_planner.c:250:18:rp_hook_init	16	static
smtc_modem_core/radio_planner/src/radio_planner.c:268:18:rp_release_hook	8	static
smtc_modem_core/radio_planner/src/radio_planner.c:281:18:rp_hook_get_id	8	static
smtc_modem_core/radio_planner/src/radio_planner.c:295:18:rp_task_enqueue	48	static
smtc_modem_core/radio_planner/src/radio_planner.c:364:18:rp_task_abort	16	static
smtc_modem_core/radio_planner/src/radio_planner.c:406:6:rp_get_status	8	static
smtc_modem_core/radio_planner/src/radio_planner.c:417:6:rp_get_and_clear_raw_radio_irq	8	static
smtc_modem_core/radio_planner/src/radio_planner.c:428:12:rp_get_stats	8	static
smtc_modem_core/radio_planner/src/radio_planner.c:533:6:rp_get_irq_flag	0	static
smtc_modem_core/radio_planner/src/radio_planner.c:545:6:rp_disable_failsafe	0	static
smtc_modem_core/radio_planner/src/radio_planner.c:1013:18:rp_get_pkt_payload	32	static
smtc_modem_core/radio_planner/src/radio_planner.c:433:6:rp_callback	40	static
smtc_modem_core/radio_planner/src/radio_planner.c:1209:6:rp_radio_irq_callback	16	static
