smtc_modem_core/smtc_ral/src/ral_sx126x.c:1815:21:ral_sx126x_cfg_trim_cap	40	static
smtc_modem_core/smtc_ral/src/ral_sx126x.c:346:6:ral_sx126x_handles_part	8	static
smtc_modem_core/smtc_ral/src/ral_sx126x.c:351:14:ral_sx126x_reset	8	static
smtc_modem_core/smtc_ral/src/ral_sx126x.c:356:14:ral_sx126x_init	32	static
smtc_modem_core/smtc_ral/src/ral_sx126x.c:412:14:ral_sx126x_wakeup	8	static
smtc_modem_core/smtc_ral/src/ral_sx126x.c:417:14:ral_sx126x_set_sleep	8	static
smtc_modem_core/smtc_ral/src/ral_sx126x.c:425:14:ral_sx126x_set_standby	8	static
smtc_modem_core/smtc_ral/src/ral_sx126x.c:448:14:ral_sx126x_set_fs	8	static
smtc_modem_core/smtc_ral/src/ral_sx126x.c:453:14:ral_sx126x_set_tx	8	static
smtc_modem_core/smtc_ral/src/ral_sx126x.c:465:14:ral_sx126x_set_rx	16	static
smtc_modem_core/smtc_ral/src/ral_sx126x.c:492:14:ral_sx126x_cfg_rx_boosted	8	static
smtc_modem_core/smtc_ral/src/ral_sx126x.c:497:14:ral_sx126x_set_rx_tx_fallback_mode	8	static
smtc_modem_core/smtc_ral/src/ral_sx126x.c:527:14:ral_sx126x_stop_timer_on_preamble	8	static
smtc_modem_core/smtc_ral/src/ral_sx126x.c:532:14:ral_sx126x_set_rx_duty_cycle	8	static
smtc_modem_core/smtc_ral/src/ral_sx126x.c:538:14:ral_sx126x_set_lora_cad	8	static
smtc_modem_core/smtc_ral/src/ral_sx126x.c:550:14:ral_sx126x_set_tx_cw	8	static
smtc_modem_core/smtc_ral/src/ral_sx126x.c:562:14:ral_sx126x_set_tx_infinite_preamble	8	static
smtc_modem_core/smtc_ral/src/ral_sx126x.c:574:14:ral_sx126x_cal_img	8	static
smtc_modem_core/smtc_ral/src/ral_sx126x.c:579:14:ral_sx126x_set_tx_cfg	40	static
smtc_modem_core/smtc_ral/src/ral_sx126x.c:625:14:ral_sx126x_set_pkt_payload	16	static
smtc_modem_core/smtc_ral/src/ral_sx126x.c:640:14:ral_sx126x_get_pkt_payload	32	static
smtc_modem_core/smtc_ral/src/ral_sx126x.c:720:14:ral_sx126x_set_rf_freq	8	static
smtc_modem_core/smtc_ral/src/ral_sx126x.c:725:14:ral_sx126x_set_pkt_type	8	static
smtc_modem_core/smtc_ral/src/ral_sx126x.c:750:14:ral_sx126x_get_pkt_type	24	static
smtc_modem_core/smtc_ral/src/ral_sx126x.c:850:14:ral_sx126x_set_lora_symb_nb_timeout	8	static
smtc_modem_core/smtc_ral/src/ral_sx126x.c:862:14:ral_sx126x_set_flrc_mod_params	0	static
smtc_modem_core/smtc_ral/src/ral_sx126x.c:866:14:ral_sx126x_set_flrc_pkt_params	0	static
smtc_modem_core/smtc_ral/src/ral_sx126x.c:871:14:ral_sx126x_get_gfsk_rx_pkt_status	16	static
smtc_modem_core/smtc_ral/src/ral_sx126x.c:898:14:ral_sx126x_get_lora_rx_pkt_status	24	static
smtc_modem_core/smtc_ral/src/ral_sx126x.c:916:14:ral_sx126x_get_flrc_rx_pkt_status	0	static
smtc_modem_core/smtc_ral/src/ral_sx126x.c:921:14:ral_sx126x_get_rssi_inst	8	static
smtc_modem_core/smtc_ral/src/ral_sx126x.c:948:10:ral_sx126x_get_flrc_time_on_air_in_ms	0	static
smtc_modem_core/smtc_ral/src/ral_sx126x.c:953:14:ral_sx126x_set_gfsk_sync_word	8	static
smtc_modem_core/smtc_ral/src/ral_sx126x.c:958:14:ral_sx126x_set_lora_sync_word	8	static
smtc_modem_core/smtc_ral/src/ral_sx126x.c:963:14:ral_sx126x_set_flrc_sync_word	0	static
smtc_modem_core/smtc_ral/src/ral_sx126x.c:968:14:ral_sx126x_set_gfsk_crc_params	16	static
smtc_modem_core/smtc_ral/src/ral_sx126x.c:987:14:ral_sx126x_set_flrc_crc_params	0	static
smtc_modem_core/smtc_ral/src/ral_sx126x.c:992:14:ral_sx126x_set_gfsk_whitening_seed	8	static
smtc_modem_core/smtc_ral/src/ral_sx126x.c:1088:14:ral_sx126x_get_tx_consumption_in_ua	40	static
smtc_modem_core/smtc_ral/src/ral_sx126x.c:1164:14:ral_sx126x_get_gfsk_rx_consumption_in_ua	24	static
smtc_modem_core/smtc_ral/src/ral_sx126x.c:1188:14:ral_sx126x_get_lora_rx_consumption_in_ua	24	static
smtc_modem_core/smtc_ral/src/ral_sx126x.c:1211:14:ral_sx126x_get_random_numbers	8	static
smtc_modem_core/smtc_ral/src/ral_sx126x.c:1216:14:ral_sx126x_handle_rx_done	8	static
smtc_modem_core/smtc_ral/src/ral_sx126x.c:1221:14:ral_sx126x_handle_tx_done	0	static
smtc_modem_core/smtc_ral/src/ral_sx126x.c:1226:14:ral_sx126x_get_lora_cad_det_peak	8	static
smtc_modem_core/smtc_ral/src/ral_sx126x.c:1329:11:ral_sx126x_convert_irq_flags_to_ral	0	static
smtc_modem_core/smtc_ral/src/ral_sx126x.c:670:14:ral_sx126x_get_irq_status	24	static
smtc_modem_core/smtc_ral/src/ral_sx126x.c:693:14:ral_sx126x_get_and_clear_irq_status	24	static
smtc_modem_core/smtc_ral/src/ral_sx126x.c:1377:19:ral_sx126x_convert_irq_flags_from_ral	0	static
smtc_modem_core/smtc_ral/src/ral_sx126x.c:686:14:ral_sx126x_clear_irq_status	8	static
smtc_modem_core/smtc_ral/src/ral_sx126x.c:712:14:ral_sx126x_set_dio_irq_params	16	static
smtc_modem_core/smtc_ral/src/ral_sx126x.c:1426:14:ral_sx126x_convert_gfsk_mod_params_from_ral	24	static
smtc_modem_core/smtc_ral/src/ral_sx126x.c:780:14:ral_sx126x_set_gfsk_mod_params	32	static
smtc_modem_core/smtc_ral/src/ral_sx126x.c:1478:14:ral_sx126x_convert_gfsk_pkt_params_from_ral	4	static
smtc_modem_core/smtc_ral/src/ral_sx126x.c:794:14:ral_sx126x_set_gfsk_pkt_params	32	static
smtc_modem_core/smtc_ral/src/ral_sx126x.c:937:10:ral_sx126x_get_gfsk_time_on_air_in_ms	32	static
smtc_modem_core/smtc_ral/src/ral_sx126x.c:1615:14:ral_sx126x_convert_lora_mod_params_from_ral	4	static
smtc_modem_core/smtc_ral/src/ral_sx126x.c:808:14:ral_sx126x_set_lora_mod_params	16	static
smtc_modem_core/smtc_ral/src/ral_sx126x.c:1685:14:ral_sx126x_convert_lora_pkt_params_from_ral	8	static
smtc_modem_core/smtc_ral/src/ral_sx126x.c:822:14:ral_sx126x_set_lora_pkt_params	24	static
smtc_modem_core/smtc_ral/src/ral_sx126x.c:926:10:ral_sx126x_get_lora_time_on_air_in_ms	24	static
smtc_modem_core/smtc_ral/src/ral_sx126x.c:1715:14:ral_sx126x_convert_lora_cr_to_ral	4	static
smtc_modem_core/smtc_ral/src/ral_sx126x.c:1068:14:ral_sx126x_get_lora_rx_pkt_cr_crc	24	static
smtc_modem_core/smtc_ral/src/ral_sx126x.c:1737:14:ral_sx126x_convert_lora_cad_params_from_ral	8	static
smtc_modem_core/smtc_ral/src/ral_sx126x.c:836:14:ral_sx126x_set_lora_cad_params	16	static
smtc_modem_core/smtc_ral/src/ral_sx126x.c:1805:6:ral_sx126x_convert_lr_fhss_params_from_ral	24	static
smtc_modem_core/smtc_ral/src/ral_sx126x.c:997:14:ral_sx126x_lr_fhss_init	32	static
smtc_modem_core/smtc_ral/src/ral_sx126x.c:1005:14:ral_sx126x_lr_fhss_build_frame	72	static
smtc_modem_core/smtc_ral/src/ral_sx126x.c:1016:14:ral_sx126x_lr_fhss_handle_hop	40	static
smtc_modem_core/smtc_ral/src/ral_sx126x.c:1025:14:ral_sx126x_lr_fhss_handle_tx_done	40	static
smtc_modem_core/smtc_ral/src/ral_sx126x.c:1034:14:ral_sx126x_lr_fhss_get_time_on_air_in_ms	40	static
smtc_modem_core/smtc_ral/src/ral_sx126x.c:1045:14:ral_sx126x_lr_fhss_get_hop_sequence_count	32	static
smtc_modem_core/smtc_ral/src/ral_sx126x.c:1056:14:ral_sx126x_lr_fhss_get_bit_delay_in_us	40	static
