smtc_modem_core/lr1mac/src/smtc_real/src/region_eu_868.c:89:6:region_eu_868_init	32	static
smtc_modem_core/lr1mac/src/smtc_real/src/region_eu_868.c:158:6:region_eu_868_config	16	static
smtc_modem_core/lr1mac/src/smtc_real/src/region_eu_868.c:189:18:region_eu_868_get_next_channel	48	static
smtc_modem_core/lr1mac/src/smtc_real/src/region_eu_868.c:182:18:region_eu_868_get_join_next_channel	16	static
smtc_modem_core/lr1mac/src/smtc_real/src/region_eu_868.c:229:18:region_eu_868_build_channel_mask	24	static
smtc_modem_core/lr1mac/src/smtc_real/src/region_eu_868.c:281:19:region_eu_868_get_modulation_type_from_datarate	8	static
smtc_modem_core/lr1mac/src/smtc_real/src/region_eu_868.c:302:6:region_eu_868_lora_dr_to_sf_bw	8	static
smtc_modem_core/lr1mac/src/smtc_real/src/region_eu_868.c:315:6:region_eu_868_fsk_dr_to_bitrate	8	static
smtc_modem_core/lr1mac/src/smtc_real/src/region_eu_868.c:327:6:region_eu_868_lr_fhss_dr_to_cr_bw	8	static
