smtc_modem_core/lr1mac/src/smtc_real/src/smtc_real.c:102:20:smtc_real_is_supported_region	0	static
smtc_modem_core/lr1mac/src/smtc_real/src/smtc_real.c:116:6:smtc_real_init	16	static
smtc_modem_core/lr1mac/src/smtc_real/src/smtc_real.c:211:6:smtc_real_config	8	static
smtc_modem_core/lr1mac/src/smtc_real/src/smtc_real.c:290:6:smtc_real_config_session	8	static
smtc_modem_core/lr1mac/src/smtc_real/src/smtc_real.c:348:6:smtc_real_set_join_dr_distribution	8	static
smtc_modem_core/lr1mac/src/smtc_real/src/smtc_real.c:352:6:smtc_real_set_custom_dr_distribution	8	static
smtc_modem_core/lr1mac/src/smtc_real/src/smtc_real.c:357:6:smtc_real_get_custom_dr_distribution	8	static
smtc_modem_core/lr1mac/src/smtc_real/src/smtc_real.c:362:6:smtc_real_set_dr_distribution	32	static
smtc_modem_core/lr1mac/src/smtc_real/src/smtc_real.c:470:16:smtc_real_cf_list_type_supported	0	static
smtc_modem_core/lr1mac/src/smtc_real/src/smtc_real.c:578:9:smtc_real_get_number_of_chmask_in_cflist	8	static
smtc_modem_core/lr1mac/src/smtc_real/src/smtc_real.c:639:18:smtc_real_get_next_channel	16	static
smtc_modem_core/lr1mac/src/smtc_real/src/smtc_real.c:717:18:smtc_real_get_join_next_channel	16	static
smtc_modem_core/lr1mac/src/smtc_real/src/smtc_real.c:796:6:smtc_real_mask_channel_used_for_tx	8	static
smtc_modem_core/lr1mac/src/smtc_real/src/smtc_real.c:855:9:smtc_real_get_rx1_datarate_config	16	static
smtc_modem_core/lr1mac/src/smtc_real/src/smtc_real.c:875:8:smtc_real_convert_power_cmd	0	static
smtc_modem_core/lr1mac/src/smtc_real/src/smtc_real.c:889:6:smtc_real_set_channel_mask	8	static
smtc_modem_core/lr1mac/src/smtc_real/src/smtc_real.c:958:6:smtc_real_init_channel_mask	8	static
smtc_modem_core/lr1mac/src/smtc_real/src/smtc_real.c:963:6:smtc_real_init_join_snapshot_channel_mask	8	static
smtc_modem_core/lr1mac/src/smtc_real/src/smtc_real.c:1022:6:smtc_real_init_after_join_snapshot_channel_mask	8	static
smtc_modem_core/lr1mac/src/smtc_real/src/smtc_real.c:1081:18:smtc_real_build_channel_mask	8	static
smtc_modem_core/lr1mac/src/smtc_real/src/smtc_real.c:1213:6:smtc_real_enable_all_channels_with_valid_freq	16	static
smtc_modem_core/lr1mac/src/smtc_real/src/smtc_real.c:1285:18:smtc_real_is_rx1_dr_offset_valid	0	static
smtc_modem_core/lr1mac/src/smtc_real/src/smtc_real.c:1296:18:smtc_real_is_rx_dr_valid	8	static
smtc_modem_core/lr1mac/src/smtc_real/src/smtc_real.c:1310:18:smtc_real_is_tx_dr_valid	8	static
smtc_modem_core/lr1mac/src/smtc_real/src/smtc_real.c:1324:18:smtc_real_is_tx_dr_acceptable	24	static
smtc_modem_core/lr1mac/src/smtc_real/src/smtc_real.c:1148:9:smtc_real_decrement_dr_simulation	24	static
smtc_modem_core/lr1mac/src/smtc_real/src/smtc_real.c:1466:18:smtc_real_is_channel_index_valid	8	static
smtc_modem_core/lr1mac/src/smtc_real/src/smtc_real.c:1531:18:smtc_real_is_payload_size_valid	32	static
smtc_modem_core/lr1mac/src/smtc_real/src/smtc_real.c:1561:6:smtc_real_set_tx_frequency_channel	8	static
smtc_modem_core/lr1mac/src/smtc_real/src/smtc_real.c:1624:18:smtc_real_set_rx1_frequency_channel	8	static
smtc_modem_core/lr1mac/src/smtc_real/src/smtc_real.c:1690:6:smtc_real_set_channel_dr	32	static
smtc_modem_core/lr1mac/src/smtc_real/src/smtc_real.c:1758:6:smtc_real_set_channel_enabled	8	static
smtc_modem_core/lr1mac/src/smtc_real/src/smtc_real.c:1821:10:smtc_real_get_tx_channel_frequency	16	static
smtc_modem_core/lr1mac/src/smtc_real/src/smtc_real.c:1888:10:smtc_real_get_rx1_channel_frequency	16	static
smtc_modem_core/lr1mac/src/smtc_real/src/smtc_real.c:1955:9:smtc_real_get_min_tx_channel_dr	40	static
smtc_modem_core/lr1mac/src/smtc_real/src/smtc_real.c:1179:6:smtc_real_decrement_dr	16	static
smtc_modem_core/lr1mac/src/smtc_real/src/smtc_real.c:1985:9:smtc_real_get_max_tx_channel_dr	32	static
smtc_modem_core/lr1mac/src/smtc_real/src/smtc_real.c:2010:10:smtc_real_mask_tx_dr_channel	16	static
smtc_modem_core/lr1mac/src/smtc_real/src/smtc_real.c:2024:10:smtc_real_mask_tx_dr_channel_up_dwell_time_check	24	static
smtc_modem_core/lr1mac/src/smtc_real/src/smtc_real.c:402:18:smtc_real_get_next_tx_dr	48	static
smtc_modem_core/lr1mac/src/smtc_real/src/smtc_real.c:2038:9:smtc_real_get_preamble_len	0	static
smtc_modem_core/lr1mac/src/smtc_real/src/smtc_real.c:2061:18:smtc_real_is_channel_mask_for_mobile_mode	40	static
smtc_modem_core/lr1mac/src/smtc_real/src/smtc_real.c:2111:19:smtc_real_get_modulation_type_from_datarate	8	static
smtc_modem_core/lr1mac/src/smtc_real/src/smtc_real.c:2187:6:smtc_real_lora_dr_to_sf_bw	8	static
smtc_modem_core/lr1mac/src/smtc_real/src/smtc_real.c:2263:6:smtc_real_fsk_dr_to_bitrate	8	static
smtc_modem_core/lr1mac/src/smtc_real/src/smtc_real.c:2309:6:smtc_real_lr_fhss_dr_to_cr_bw	8	static
smtc_modem_core/lr1mac/src/smtc_real/src/smtc_real.c:2337:14:smtc_real_lr_fhss_get_header_count	8	static
smtc_modem_core/lr1mac/src/smtc_real/src/smtc_real.c:2352:19:smtc_real_lr_fhss_get_grid	8	static
smtc_modem_core/lr1mac/src/smtc_real/src/smtc_real.c:2381:9:smtc_real_get_number_of_enabled_channels_for_a_datarate	24	static
smtc_modem_core/lr1mac/src/smtc_real/src/smtc_real.c:2398:8:smtc_real_clamp_output_power_eirp_vs_freq_and_dr	8	static
smtc_modem_core/lr1mac/src/smtc_real/src/smtc_real.c:2476:6:smtc_real_get_current_enabled_frequency_list	24	static
smtc_modem_core/lr1mac/src/smtc_real/src/smtc_real.c:2498:6:smtc_real_is_tx_param_setup_req_supported	0	static
smtc_modem_core/lr1mac/src/smtc_real/src/smtc_real.c:2503:6:smtc_real_is_new_channel_req_supported	0	static
smtc_modem_core/lr1mac/src/smtc_real/src/smtc_real.c:2508:9:smtc_real_get_rx1_join_delay	0	static
smtc_modem_core/lr1mac/src/smtc_real/src/smtc_real.c:2513:9:smtc_real_get_rx2_join_dr	0	static
smtc_modem_core/lr1mac/src/smtc_real/src/smtc_real.c:2518:9:smtc_real_get_frequency_factor	0	static
smtc_modem_core/lr1mac/src/smtc_real/src/smtc_real.c:2523:15:smtc_real_get_coding_rate	0	static
smtc_modem_core/lr1mac/src/smtc_real/src/smtc_real.c:2528:9:smtc_real_get_adr_ack_delay	0	static
smtc_modem_core/lr1mac/src/smtc_real/src/smtc_real.c:2533:9:smtc_real_get_adr_ack_limit	0	static
smtc_modem_core/lr1mac/src/smtc_real/src/smtc_real.c:2538:9:smtc_real_get_public_sync_word	0	static
smtc_modem_core/lr1mac/src/smtc_real/src/smtc_real.c:2543:9:smtc_real_get_private_sync_word	0	static
smtc_modem_core/lr1mac/src/smtc_real/src/smtc_real.c:2548:9:smtc_real_get_sync_word	0	static
smtc_modem_core/lr1mac/src/smtc_real/src/smtc_real.c:2553:6:smtc_real_set_sync_word	0	static
smtc_modem_core/lr1mac/src/smtc_real/src/smtc_real.c:2558:10:smtc_real_get_gfsk_sync_word	8	static
smtc_modem_core/lr1mac/src/smtc_real/src/smtc_real.c:2599:10:smtc_real_get_lr_fhss_sync_word	8	static
smtc_modem_core/lr1mac/src/smtc_real/src/smtc_real.c:2625:6:smtc_real_is_dtc_supported	0	static
smtc_modem_core/lr1mac/src/smtc_real/src/smtc_real.c:2630:6:smtc_real_is_lbt_supported	0	static
smtc_modem_core/lr1mac/src/smtc_real/src/smtc_real.c:2635:10:smtc_real_get_lbt_duration_ms	8	static
smtc_modem_core/lr1mac/src/smtc_real/src/smtc_real.c:2645:9:smtc_real_get_lbt_threshold_dbm	8	static
smtc_modem_core/lr1mac/src/smtc_real/src/smtc_real.c:2654:10:smtc_real_get_lbt_bw_hz	8	static
smtc_modem_core/lr1mac/src/smtc_real/src/smtc_real.c:2663:9:smtc_real_get_max_payload_size	16	static
smtc_modem_core/lr1mac/src/smtc_real/src/smtc_real.c:2685:9:smtc_real_get_default_max_eirp	0	static
smtc_modem_core/lr1mac/src/smtc_real/src/smtc_real.c:2690:9:smtc_real_get_beacon_dr	0	static
smtc_modem_core/lr1mac/src/smtc_real/src/smtc_real.c:2695:6:smtc_real_is_beacon_hopping	8	static
smtc_modem_core/lr1mac/src/smtc_real/src/smtc_real.c:2755:10:smtc_real_get_beacon_frequency	8	static
smtc_modem_core/lr1mac/src/smtc_real/src/smtc_real.c:2821:10:smtc_real_get_ping_slot_frequency	8	static
smtc_modem_core/lr1mac/src/smtc_real/src/smtc_real.c:2887:9:smtc_real_get_ping_slot_datarate	0	static
smtc_modem_core/lr1mac/src/smtc_real/src/smtc_real.c:2892:6:smtc_real_set_uplink_dwell_time	0	static
smtc_modem_core/lr1mac/src/smtc_real/src/smtc_real.c:2897:6:smtc_real_set_downlink_dwell_time	0	static
smtc_modem_core/lr1mac/src/smtc_real/src/smtc_real.c:2902:10:smtc_real_decode_freq_from_buf	0	static
smtc_modem_core/lr1mac/src/smtc_real/src/smtc_real.c:2909:18:smtc_real_is_frequency_valid	0	static
smtc_modem_core/lr1mac/src/smtc_real/src/smtc_real.c:1403:18:smtc_real_is_nwk_received_tx_frequency_valid	8	static
smtc_modem_core/lr1mac/src/smtc_real/src/smtc_real.c:475:18:smtc_real_update_cflist	32	static
smtc_modem_core/lr1mac/src/smtc_real/src/smtc_real.c:2920:18:smtc_real_is_tx_power_valid	0	static
smtc_modem_core/lr1mac/src/smtc_real/src/smtc_real.c:2931:18:smtc_real_get_regional_parameters_version	8	static
smtc_modem_core/lr1mac/src/smtc_real/src/smtc_real.c:2939:10:smtc_real_get_symbol_duration_us	32	static
smtc_modem_core/lr1mac/src/smtc_real/src/smtc_real.c:2977:6:smtc_real_get_rx_window_parameters	32	static
smtc_modem_core/lr1mac/src/smtc_real/src/smtc_real.c:3016:6:smtc_real_get_rx_start_time_offset_ms	32	static
