smtc_modem_core/smtc_modem.c:216:6:empty_callback	0	static
smtc_modem_core/smtc_modem.c:2713:33:smtc_modem_custom_dr_distribution_to_tab	24	static
smtc_modem_core/smtc_modem.c:2675:33:smtc_modem_send_tx	56	static
smtc_modem_core/smtc_modem.c:232:6:smtc_modem_init	16	static
smtc_modem_core/smtc_modem.c:261:10:smtc_modem_run_engine	8	static
smtc_modem_core/smtc_modem.c:267:6:smtc_modem_set_radio_context	8	static
smtc_modem_core/smtc_modem.c:280:13:smtc_modem_get_radio_context	0	static
smtc_modem_core/smtc_modem.c:286:6:smtc_modem_is_irq_flag_pending	8	static
smtc_modem_core/smtc_modem.c:293:26:smtc_modem_get_joineui	16	static
smtc_modem_core/smtc_modem.c:307:26:smtc_modem_set_joineui	16	static
smtc_modem_core/smtc_modem.c:333:26:smtc_modem_get_deveui	16	static
smtc_modem_core/smtc_modem.c:347:26:smtc_modem_set_deveui	16	static
smtc_modem_core/smtc_modem.c:372:26:smtc_modem_set_appkey	16	static
smtc_modem_core/smtc_modem.c:412:26:smtc_modem_set_nwkkey	16	static
smtc_modem_core/smtc_modem.c:452:26:smtc_modem_get_list_region	16	static
smtc_modem_core/smtc_modem.c:463:26:smtc_modem_get_region	16	static
smtc_modem_core/smtc_modem.c:472:26:smtc_modem_set_region	16	static
smtc_modem_core/smtc_modem.c:490:26:smtc_modem_set_nb_trans	16	static
smtc_modem_core/smtc_modem.c:510:26:smtc_modem_get_nb_trans	16	static
smtc_modem_core/smtc_modem.c:519:26:smtc_modem_adr_set_join_distribution	40	static
smtc_modem_core/smtc_modem.c:551:26:smtc_modem_adr_set_profile	40	static
smtc_modem_core/smtc_modem.c:625:26:smtc_modem_adr_get_profile	16	static
smtc_modem_core/smtc_modem.c:674:26:smtc_modem_join_network	16	static
smtc_modem_core/smtc_modem.c:710:26:smtc_modem_request_uplink	40	static
smtc_modem_core/smtc_modem.c:721:26:smtc_modem_get_event	32	static
smtc_modem_core/smtc_modem.c:840:26:smtc_modem_get_downlink_data	64	static
smtc_modem_core/smtc_modem.c:876:26:smtc_modem_get_status	16	static
smtc_modem_core/smtc_modem.c:887:26:smtc_modem_get_modem_version	8	static
smtc_modem_core/smtc_modem.c:899:26:smtc_modem_lorawan_get_lost_connection_counter	16	static
smtc_modem_core/smtc_modem.c:908:26:smtc_modem_lorawan_get_lost_connection_counter_since_s	16	static
smtc_modem_core/smtc_modem.c:917:26:smtc_modem_get_join_duty_cycle_backoff_bypass	16	static
smtc_modem_core/smtc_modem.c:924:26:smtc_modem_set_join_duty_cycle_backoff_bypass	16	static
smtc_modem_core/smtc_modem.c:931:26:smtc_modem_get_certification_mode	16	static
smtc_modem_core/smtc_modem.c:943:26:smtc_modem_set_certification_mode	16	static
smtc_modem_core/smtc_modem.c:958:26:smtc_modem_request_emergency_uplink	40	static
smtc_modem_core/smtc_modem.c:969:26:smtc_modem_request_empty_uplink	48	static
smtc_modem_core/smtc_modem.c:1023:26:smtc_modem_get_suspend_radio_communications	8	static
smtc_modem_core/smtc_modem.c:1062:26:smtc_modem_alarm_start_timer	8	static
smtc_modem_core/smtc_modem.c:1073:26:smtc_modem_alarm_clear_timer	8	static
smtc_modem_core/smtc_modem.c:1089:26:smtc_modem_alarm_get_remaining_time	16	static
smtc_modem_core/smtc_modem.c:1208:26:smtc_modem_get_next_tx_max_payload	16	static
smtc_modem_core/smtc_modem.c:1228:26:smtc_modem_get_duty_cycle_status	16	static
smtc_modem_core/smtc_modem.c:1236:26:smtc_modem_get_network_type	16	static
smtc_modem_core/smtc_modem.c:1243:26:smtc_modem_set_network_type	16	static
smtc_modem_core/smtc_modem.c:1250:26:smtc_modem_get_enabled_datarates	16	static
smtc_modem_core/smtc_modem.c:664:26:smtc_modem_get_available_datarates	8	static
smtc_modem_core/smtc_modem.c:1259:26:smtc_modem_set_adr_ack_limit_delay	16	static
smtc_modem_core/smtc_modem.c:1271:26:smtc_modem_get_adr_ack_limit_delay	24	static
smtc_modem_core/smtc_modem.c:1287:26:smtc_modem_get_crystal_error_ppm	16	static
smtc_modem_core/smtc_modem.c:1296:26:smtc_modem_set_crystal_error_ppm	16	static
smtc_modem_core/smtc_modem.c:1307:26:smtc_modem_lbt_set_parameters	32	static
smtc_modem_core/smtc_modem.c:1317:26:smtc_modem_lbt_get_parameters	32	static
smtc_modem_core/smtc_modem.c:1328:26:smtc_modem_lbt_set_state	16	static
smtc_modem_core/smtc_modem.c:1335:26:smtc_modem_lbt_get_state	16	static
smtc_modem_core/smtc_modem.c:1385:26:smtc_modem_get_charge	16	static
smtc_modem_core/smtc_modem.c:1395:26:smtc_modem_get_rp_stats_to_array	16	static
smtc_modem_core/smtc_modem.c:1451:26:smtc_modem_reset_charge	8	static
smtc_modem_core/smtc_modem.c:1518:26:smtc_modem_trig_lorawan_mac_request	16	static
smtc_modem_core/smtc_modem.c:1537:26:smtc_modem_get_lorawan_mac_time	24	static
smtc_modem_core/smtc_modem.c:1555:26:smtc_modem_get_lorawan_link_check_data	16	static
smtc_modem_core/smtc_modem.c:1576:26:smtc_modem_get_class	16	static
smtc_modem_core/smtc_modem.c:1605:26:smtc_modem_set_class	16	static
smtc_modem_core/smtc_modem.c:1003:26:smtc_modem_leave_network	16	static
smtc_modem_core/smtc_modem.c:1029:26:smtc_modem_suspend_radio_communications	16	static
smtc_modem_core/smtc_modem.c:1650:26:smtc_modem_class_b_set_ping_slot_periodicity	16	static
smtc_modem_core/smtc_modem.c:1669:26:smtc_modem_class_b_get_ping_slot_periodicity	16	static
smtc_modem_core/smtc_modem.c:1680:26:smtc_modem_multicast_set_grp_config	0	static
smtc_modem_core/smtc_modem.c:1720:26:smtc_modem_multicast_get_grp_config	0	static
smtc_modem_core/smtc_modem.c:1748:26:smtc_modem_multicast_class_c_start_session	0	static
smtc_modem_core/smtc_modem.c:1783:26:smtc_modem_multicast_class_c_get_session_status	0	static
smtc_modem_core/smtc_modem.c:1816:26:smtc_modem_multicast_class_c_stop_session	0	static
smtc_modem_core/smtc_modem.c:1842:26:smtc_modem_multicast_class_c_stop_all_sessions	0	static
smtc_modem_core/smtc_modem.c:1865:26:smtc_modem_multicast_class_b_start_session	0	static
smtc_modem_core/smtc_modem.c:1902:26:smtc_modem_multicast_class_b_get_session_status	0	static
smtc_modem_core/smtc_modem.c:1937:26:smtc_modem_multicast_class_b_stop_session	0	static
smtc_modem_core/smtc_modem.c:1963:26:smtc_modem_multicast_class_b_stop_all_sessions	0	static
smtc_modem_core/smtc_modem.c:2223:26:smtc_modem_debug_set_duty_cycle_state	8	static
smtc_modem_core/smtc_modem.c:2234:26:smtc_modem_debug_connect_with_abp	24	static
