smtc_modem_core/smtc_ral/src/ral_defs.h:451:23:ral_compute_lora_ldro	4	static
smtc_modem_core/smtc_modem_test.c:785:6:modem_test_empty_callback	0	static
smtc_modem_core/smtc_modem_test.c:790:6:modem_test_compute_rssi_callback	24	static
smtc_modem_core/smtc_modem_test.c:857:6:modem_test_rx_callback	200	static
smtc_modem_core/smtc_modem_test.c:906:6:test_mode_cw_callback_for_rp	16	static
smtc_modem_core/smtc_modem_test.c:801:6:modem_test_tx_callback	200	static
smtc_modem_core/smtc_modem_test.c:206:26:smtc_modem_test_start	16	static
smtc_modem_core/smtc_modem_test.c:258:26:smtc_modem_test_tx_hop	8	static
smtc_modem_core/smtc_modem_test.c:436:26:smtc_modem_test_tx_cw	208	static
smtc_modem_core/smtc_modem_test.c:622:26:smtc_modem_test_get_nb_rx_packets	8	static
smtc_modem_core/smtc_modem_test.c:633:26:smtc_modem_test_rssi	56	static
smtc_modem_core/smtc_modem_test.c:669:26:smtc_modem_test_get_rssi	8	static
smtc_modem_core/smtc_modem_test.c:692:6:modem_test_set_rssi	0	static
smtc_modem_core/smtc_modem_test.c:697:26:smtc_modem_test_radio_reset	16	static
smtc_modem_core/smtc_modem_test.c:268:26:smtc_modem_test_nop	8	static
smtc_modem_core/smtc_modem_test.c:237:26:smtc_modem_test_stop	16	static
smtc_modem_core/smtc_modem_test.c:284:26:smtc_modem_test_tx	272	static
smtc_modem_core/smtc_modem_test.c:488:26:smtc_modem_test_rx_continuous	256	static
smtc_modem_core/smtc_modem_test.c:722:26:smtc_modem_test_direct_radio_write	32	static
smtc_modem_core/smtc_modem_test.c:751:26:smtc_modem_test_direct_radio_read	32	static
