smtc_modem_core/lr1mac/src/services/smtc_lbt.c:211:6:smtc_lbt_rp_callback	24	static
smtc_modem_core/lr1mac/src/services/smtc_lbt.c:103:6:smtc_lbt_launch_callback_for_rp	40	static
smtc_modem_core/lr1mac/src/services/smtc_lbt.c:46:6:smtc_lbt_init	24	static
smtc_modem_core/lr1mac/src/services/smtc_lbt.c:75:6:smtc_lbt_set_parameters	8	static
smtc_modem_core/lr1mac/src/services/smtc_lbt.c:85:6:smtc_lbt_get_parameters	8	static
smtc_modem_core/lr1mac/src/services/smtc_lbt.c:93:6:smtc_lbt_set_state	0	static
smtc_modem_core/lr1mac/src/services/smtc_lbt.c:98:6:smtc_lbt_get_state	0	static
smtc_modem_core/lr1mac/src/services/smtc_lbt.c:147:6:smtc_lbt_listen_channel	256	static
smtc_modem_core/lr1mac/src/services/smtc_lbt.c:240:13:smtc_lbt_get_obj	0	static
