smtc_modem_core/smtc_modem_crypto/soft_secure_element/soft_se.c:752:30:compute_cmac	328	static
smtc_modem_core/smtc_modem_crypto/soft_secure_element/soft_se.c:397:23:smtc_secure_element_init	472	static
smtc_modem_core/smtc_modem_crypto/soft_secure_element/soft_se.c:447:23:smtc_secure_element_compute_aes_cmac	24	static
smtc_modem_core/smtc_modem_crypto/soft_secure_element/soft_se.c:459:23:smtc_secure_element_verify_aes_cmac	32	static
smtc_modem_core/smtc_modem_crypto/soft_secure_element/soft_se.c:485:23:smtc_secure_element_aes_encrypt	280	static
smtc_modem_core/smtc_modem_crypto/soft_secure_element/soft_se.c:413:23:smtc_secure_element_set_key.part.0	48	static
smtc_modem_core/smtc_modem_crypto/soft_secure_element/soft_se.c:413:23:smtc_secure_element_set_key	8	static
smtc_modem_core/smtc_modem_crypto/soft_secure_element/soft_se.c:522:23:smtc_secure_element_derive_and_store_key	48	static
smtc_modem_core/smtc_modem_crypto/soft_secure_element/soft_se.c:560:23:smtc_secure_element_process_join_accept	40	static
smtc_modem_core/smtc_modem_crypto/soft_secure_element/soft_se.c:627:23:smtc_secure_element_set_deveui	8	static
smtc_modem_core/smtc_modem_crypto/soft_secure_element/soft_se.c:637:23:smtc_secure_element_get_deveui	8	static
smtc_modem_core/smtc_modem_crypto/soft_secure_element/soft_se.c:647:23:smtc_secure_element_set_joineui	8	static
smtc_modem_core/smtc_modem_crypto/soft_secure_element/soft_se.c:657:23:smtc_secure_element_get_joineui	8	static
smtc_modem_core/smtc_modem_crypto/soft_secure_element/soft_se.c:667:23:smtc_secure_element_set_pin	8	static
smtc_modem_core/smtc_modem_crypto/soft_secure_element/soft_se.c:678:23:smtc_secure_element_get_pin	8	static
smtc_modem_core/smtc_modem_crypto/soft_secure_element/soft_se.c:790:10:soft_ce_crc	16	static
smtc_modem_core/smtc_modem_crypto/soft_secure_element/soft_se.c:705:23:smtc_secure_element_restore_context	952	static
smtc_modem_core/smtc_modem_crypto/soft_secure_element/soft_se.c:688:23:smtc_secure_element_store_context	488	static
