smtc_modem_core/radio_drivers/sx126x_driver/src/sx126x.c:248:17:sx126x_set_sleep	24	static
smtc_modem_core/radio_drivers/sx126x_driver/src/sx126x.c:258:17:sx126x_set_standby	24	static
smtc_modem_core/radio_drivers/sx126x_driver/src/sx126x.c:268:17:sx126x_set_fs	24	static
smtc_modem_core/radio_drivers/sx126x_driver/src/sx126x.c:289:17:sx126x_set_tx_with_timeout_in_rtc_step	24	static
smtc_modem_core/radio_drivers/sx126x_driver/src/sx126x.c:277:17:sx126x_set_tx	8	static
smtc_modem_core/radio_drivers/sx126x_driver/src/sx126x.c:313:17:sx126x_set_rx_with_timeout_in_rtc_step	24	static
smtc_modem_core/radio_drivers/sx126x_driver/src/sx126x.c:301:17:sx126x_set_rx	8	static
smtc_modem_core/radio_drivers/sx126x_driver/src/sx126x.c:325:17:sx126x_stop_timer_on_preamble	24	static
smtc_modem_core/radio_drivers/sx126x_driver/src/sx126x.c:344:17:sx126x_set_rx_duty_cycle_with_timings_in_rtc_step	24	static
smtc_modem_core/radio_drivers/sx126x_driver/src/sx126x.c:335:17:sx126x_set_rx_duty_cycle	8	static
smtc_modem_core/radio_drivers/sx126x_driver/src/sx126x.c:361:17:sx126x_set_cad	24	static
smtc_modem_core/radio_drivers/sx126x_driver/src/sx126x.c:370:17:sx126x_set_tx_cw	24	static
smtc_modem_core/radio_drivers/sx126x_driver/src/sx126x.c:379:17:sx126x_set_tx_infinite_preamble	24	static
smtc_modem_core/radio_drivers/sx126x_driver/src/sx126x.c:388:17:sx126x_set_reg_mode	24	static
smtc_modem_core/radio_drivers/sx126x_driver/src/sx126x.c:398:17:sx126x_cal	24	static
smtc_modem_core/radio_drivers/sx126x_driver/src/sx126x.c:408:17:sx126x_cal_img	24	static
smtc_modem_core/radio_drivers/sx126x_driver/src/sx126x.c:419:17:sx126x_cal_img_in_mhz	8	static
smtc_modem_core/radio_drivers/sx126x_driver/src/sx126x.c:431:17:sx126x_set_pa_cfg	24	static
smtc_modem_core/radio_drivers/sx126x_driver/src/sx126x.c:440:17:sx126x_set_rx_tx_fallback_mode	24	static
smtc_modem_core/radio_drivers/sx126x_driver/src/sx126x.c:454:17:sx126x_write_register	32	static
smtc_modem_core/radio_drivers/sx126x_driver/src/sx126x.c:466:17:sx126x_read_register	32	static
smtc_modem_core/radio_drivers/sx126x_driver/src/sx126x.c:478:17:sx126x_write_buffer	32	static
smtc_modem_core/radio_drivers/sx126x_driver/src/sx126x.c:489:17:sx126x_read_buffer	32	static
smtc_modem_core/radio_drivers/sx126x_driver/src/sx126x.c:503:17:sx126x_set_dio_irq_params	40	static
smtc_modem_core/radio_drivers/sx126x_driver/src/sx126x.c:515:17:sx126x_get_irq_status	32	static
smtc_modem_core/radio_drivers/sx126x_driver/src/sx126x.c:534:17:sx126x_clear_irq_status	24	static
smtc_modem_core/radio_drivers/sx126x_driver/src/sx126x.c:545:17:sx126x_get_and_clear_irq_status	32	static
smtc_modem_core/radio_drivers/sx126x_driver/src/sx126x.c:562:17:sx126x_set_dio2_as_rf_sw_ctrl	24	static
smtc_modem_core/radio_drivers/sx126x_driver/src/sx126x.c:572:17:sx126x_set_dio3_as_tcxo_ctrl	24	static
smtc_modem_core/radio_drivers/sx126x_driver/src/sx126x.c:594:17:sx126x_set_rf_freq_in_pll_steps	24	static
smtc_modem_core/radio_drivers/sx126x_driver/src/sx126x.c:604:17:sx126x_set_pkt_type	24	static
smtc_modem_core/radio_drivers/sx126x_driver/src/sx126x.c:614:17:sx126x_get_pkt_type	24	static
smtc_modem_core/radio_drivers/sx126x_driver/src/sx126x.c:624:17:sx126x_set_tx_params	24	static
smtc_modem_core/radio_drivers/sx126x_driver/src/sx126x.c:657:17:sx126x_set_bpsk_mod_params	32	static
smtc_modem_core/radio_drivers/sx126x_driver/src/sx126x.c:669:17:sx126x_set_lora_mod_params	48	static
smtc_modem_core/radio_drivers/sx126x_driver/src/sx126x.c:689:17:sx126x_set_gfsk_pkt_params	32	static
smtc_modem_core/radio_drivers/sx126x_driver/src/sx126x.c:707:17:sx126x_set_bpsk_pkt_params	40	static
smtc_modem_core/radio_drivers/sx126x_driver/src/sx126x.c:730:17:sx126x_set_lora_pkt_params	40	static
smtc_modem_core/radio_drivers/sx126x_driver/src/sx126x.c:769:17:sx126x_set_gfsk_pkt_address	16	static
smtc_modem_core/radio_drivers/sx126x_driver/src/sx126x.c:777:17:sx126x_set_cad_params	24	static
smtc_modem_core/radio_drivers/sx126x_driver/src/sx126x.c:793:17:sx126x_set_buffer_base_address	24	static
smtc_modem_core/radio_drivers/sx126x_driver/src/sx126x.c:805:17:sx126x_set_lora_symb_nb_timeout	40	static
smtc_modem_core/radio_drivers/sx126x_driver/src/sx126x.c:840:17:sx126x_get_status	24	static
smtc_modem_core/radio_drivers/sx126x_driver/src/sx126x.c:861:17:sx126x_get_rx_buffer_status	32	static
smtc_modem_core/radio_drivers/sx126x_driver/src/sx126x.c:881:17:sx126x_get_gfsk_pkt_status	40	static
smtc_modem_core/radio_drivers/sx126x_driver/src/sx126x.c:914:17:sx126x_get_lora_pkt_status	40	static
smtc_modem_core/radio_drivers/sx126x_driver/src/sx126x.c:935:17:sx126x_get_rssi_inst	24	static
smtc_modem_core/radio_drivers/sx126x_driver/src/sx126x.c:954:17:sx126x_get_gfsk_stats	40	static
smtc_modem_core/radio_drivers/sx126x_driver/src/sx126x.c:975:17:sx126x_get_lora_stats	40	static
smtc_modem_core/radio_drivers/sx126x_driver/src/sx126x.c:995:17:sx126x_reset_stats	32	static
smtc_modem_core/radio_drivers/sx126x_driver/src/sx126x.c:1008:17:sx126x_reset	8	static
smtc_modem_core/radio_drivers/sx126x_driver/src/sx126x.c:1013:17:sx126x_wakeup	8	static
smtc_modem_core/radio_drivers/sx126x_driver/src/sx126x.c:1018:17:sx126x_get_device_errors	32	static
smtc_modem_core/radio_drivers/sx126x_driver/src/sx126x.c:1037:17:sx126x_clear_device_errors	32	static
smtc_modem_core/radio_drivers/sx126x_driver/src/sx126x.c:1048:17:sx126x_get_gfsk_bw_param	12	static
smtc_modem_core/radio_drivers/sx126x_driver/src/sx126x.c:1069:10:sx126x_get_lora_bw_in_hz	0	static
smtc_modem_core/radio_drivers/sx126x_driver/src/sx126x.c:1110:10:sx126x_get_lora_time_on_air_numerator	24	static
smtc_modem_core/radio_drivers/sx126x_driver/src/sx126x.c:1157:10:sx126x_get_lora_time_on_air_in_ms	16	static
smtc_modem_core/radio_drivers/sx126x_driver/src/sx126x.c:1166:10:sx126x_get_gfsk_time_on_air_numerator	0	static
smtc_modem_core/radio_drivers/sx126x_driver/src/sx126x.c:1175:10:sx126x_get_gfsk_time_on_air_in_ms	8	static
smtc_modem_core/radio_drivers/sx126x_driver/src/sx126x.c:1185:17:sx126x_get_random_numbers	40	static
smtc_modem_core/radio_drivers/sx126x_driver/src/sx126x.c:1252:10:sx126x_convert_freq_in_hz_to_pll_step	16	static
smtc_modem_core/radio_drivers/sx126x_driver/src/sx126x.c:587:17:sx126x_set_rf_freq	8	static
smtc_modem_core/radio_drivers/sx126x_driver/src/sx126x.c:635:17:sx126x_set_gfsk_mod_params	40	static
smtc_modem_core/radio_drivers/sx126x_driver/src/sx126x.c:1267:10:sx126x_convert_timeout_in_ms_to_rtc_step	0	static
smtc_modem_core/radio_drivers/sx126x_driver/src/sx126x.c:1281:17:sx126x_cfg_rx_boosted	16	static
smtc_modem_core/radio_drivers/sx126x_driver/src/sx126x.c:1293:17:sx126x_set_gfsk_sync_word	16	static
smtc_modem_core/radio_drivers/sx126x_driver/src/sx126x.c:1307:17:sx126x_set_lora_sync_word	24	static
smtc_modem_core/radio_drivers/sx126x_driver/src/sx126x.c:1324:17:sx126x_set_gfsk_crc_seed	16	static
smtc_modem_core/radio_drivers/sx126x_driver/src/sx126x.c:1331:17:sx126x_set_gfsk_crc_polynomial	16	static
smtc_modem_core/radio_drivers/sx126x_driver/src/sx126x.c:1338:17:sx126x_set_gfsk_whitening_seed	32	static
smtc_modem_core/radio_drivers/sx126x_driver/src/sx126x.c:1359:17:sx126x_cfg_tx_clamp	24	static
smtc_modem_core/radio_drivers/sx126x_driver/src/sx126x.c:1374:17:sx126x_stop_rtc	16	static
smtc_modem_core/radio_drivers/sx126x_driver/src/sx126x.c:1272:17:sx126x_handle_rx_done	8	static
smtc_modem_core/radio_drivers/sx126x_driver/src/sx126x.c:1394:17:sx126x_set_ocp_value	16	static
smtc_modem_core/radio_drivers/sx126x_driver/src/sx126x.c:1399:17:sx126x_set_trimming_capacitor_values	16	static
smtc_modem_core/radio_drivers/sx126x_driver/src/sx126x.c:1407:17:sx126x_add_registers_to_retention_list	64	static
smtc_modem_core/radio_drivers/sx126x_driver/src/sx126x.c:1457:17:sx126x_init_retention_list	16	static
smtc_modem_core/radio_drivers/sx126x_driver/src/sx126x.c:1465:17:sx126x_get_lora_params_from_header	24	static
